Archive member included to satisfy reference by file (symbol)

c:/st/stm32cubeide/plugins/com.st.stm32cube.ide.mcu.externaltools.gnu-tools-for-stm32.7-2018-q2-update.win32_1.5.0.202011040924/tools/bin/../lib/gcc/arm-none-eabi/7.3.1/../../../../arm-none-eabi/lib/thumb/v7-m\libc_nano.a(lib_a-errno.o)
                              Src/syscalls.o (__errno)
c:/st/stm32cubeide/plugins/com.st.stm32cube.ide.mcu.externaltools.gnu-tools-for-stm32.7-2018-q2-update.win32_1.5.0.202011040924/tools/bin/../lib/gcc/arm-none-eabi/7.3.1/../../../../arm-none-eabi/lib/thumb/v7-m\libc_nano.a(lib_a-exit.o)
                              c:/st/stm32cubeide/plugins/com.st.stm32cube.ide.mcu.externaltools.gnu-tools-for-stm32.7-2018-q2-update.win32_1.5.0.202011040924/tools/bin/../lib/gcc/arm-none-eabi/7.3.1/../../../../arm-none-eabi/lib/thumb/v7-m/crt0.o (exit)
c:/st/stm32cubeide/plugins/com.st.stm32cube.ide.mcu.externaltools.gnu-tools-for-stm32.7-2018-q2-update.win32_1.5.0.202011040924/tools/bin/../lib/gcc/arm-none-eabi/7.3.1/../../../../arm-none-eabi/lib/thumb/v7-m\libc_nano.a(lib_a-impure.o)
                              c:/st/stm32cubeide/plugins/com.st.stm32cube.ide.mcu.externaltools.gnu-tools-for-stm32.7-2018-q2-update.win32_1.5.0.202011040924/tools/bin/../lib/gcc/arm-none-eabi/7.3.1/../../../../arm-none-eabi/lib/thumb/v7-m\libc_nano.a(lib_a-exit.o) (_global_impure_ptr)
c:/st/stm32cubeide/plugins/com.st.stm32cube.ide.mcu.externaltools.gnu-tools-for-stm32.7-2018-q2-update.win32_1.5.0.202011040924/tools/bin/../lib/gcc/arm-none-eabi/7.3.1/../../../../arm-none-eabi/lib/thumb/v7-m\libc_nano.a(lib_a-init.o)
                              c:/st/stm32cubeide/plugins/com.st.stm32cube.ide.mcu.externaltools.gnu-tools-for-stm32.7-2018-q2-update.win32_1.5.0.202011040924/tools/bin/../lib/gcc/arm-none-eabi/7.3.1/../../../../arm-none-eabi/lib/thumb/v7-m/crt0.o (__libc_init_array)
c:/st/stm32cubeide/plugins/com.st.stm32cube.ide.mcu.externaltools.gnu-tools-for-stm32.7-2018-q2-update.win32_1.5.0.202011040924/tools/bin/../lib/gcc/arm-none-eabi/7.3.1/../../../../arm-none-eabi/lib/thumb/v7-m\libc_nano.a(lib_a-memcpy-stub.o)
                              source/canpie-fd_device/stm32/hal/stm32_canpie-fd.o (memcpy)
c:/st/stm32cubeide/plugins/com.st.stm32cube.ide.mcu.externaltools.gnu-tools-for-stm32.7-2018-q2-update.win32_1.5.0.202011040924/tools/bin/../lib/gcc/arm-none-eabi/7.3.1/../../../../arm-none-eabi/lib/thumb/v7-m\libc_nano.a(lib_a-memset.o)
                              c:/st/stm32cubeide/plugins/com.st.stm32cube.ide.mcu.externaltools.gnu-tools-for-stm32.7-2018-q2-update.win32_1.5.0.202011040924/tools/bin/../lib/gcc/arm-none-eabi/7.3.1/../../../../arm-none-eabi/lib/thumb/v7-m/crt0.o (memset)
c:/st/stm32cubeide/plugins/com.st.stm32cube.ide.mcu.externaltools.gnu-tools-for-stm32.7-2018-q2-update.win32_1.5.0.202011040924/tools/bin/../lib/gcc/arm-none-eabi/7.3.1/../../../../arm-none-eabi/lib/thumb/v7-m\libc_nano.a(lib_a-printf.o)
                              source/io_app_demo_canpie_test.o (printf)
c:/st/stm32cubeide/plugins/com.st.stm32cube.ide.mcu.externaltools.gnu-tools-for-stm32.7-2018-q2-update.win32_1.5.0.202011040924/tools/bin/../lib/gcc/arm-none-eabi/7.3.1/../../../../arm-none-eabi/lib/thumb/v7-m\libc_nano.a(lib_a-strcmp.o)
                              source/li_can_slv/source/config/io_can_config.o (strcmp)
c:/st/stm32cubeide/plugins/com.st.stm32cube.ide.mcu.externaltools.gnu-tools-for-stm32.7-2018-q2-update.win32_1.5.0.202011040924/tools/bin/../lib/gcc/arm-none-eabi/7.3.1/../../../../arm-none-eabi/lib/thumb/v7-m\libc_nano.a(lib_a-strncmp.o)
                              source/li_can_slv/source/config/io_can_config.o (strncmp)
c:/st/stm32cubeide/plugins/com.st.stm32cube.ide.mcu.externaltools.gnu-tools-for-stm32.7-2018-q2-update.win32_1.5.0.202011040924/tools/bin/../lib/gcc/arm-none-eabi/7.3.1/../../../../arm-none-eabi/lib/thumb/v7-m\libc_nano.a(lib_a-strncpy.o)
                              source/li_can_slv/source/config/io_can_config.o (strncpy)
c:/st/stm32cubeide/plugins/com.st.stm32cube.ide.mcu.externaltools.gnu-tools-for-stm32.7-2018-q2-update.win32_1.5.0.202011040924/tools/bin/../lib/gcc/arm-none-eabi/7.3.1/../../../../arm-none-eabi/lib/thumb/v7-m\libc_nano.a(lib_a-findfp.o)
                              c:/st/stm32cubeide/plugins/com.st.stm32cube.ide.mcu.externaltools.gnu-tools-for-stm32.7-2018-q2-update.win32_1.5.0.202011040924/tools/bin/../lib/gcc/arm-none-eabi/7.3.1/../../../../arm-none-eabi/lib/thumb/v7-m\libc_nano.a(lib_a-printf.o) (__sinit)
c:/st/stm32cubeide/plugins/com.st.stm32cube.ide.mcu.externaltools.gnu-tools-for-stm32.7-2018-q2-update.win32_1.5.0.202011040924/tools/bin/../lib/gcc/arm-none-eabi/7.3.1/../../../../arm-none-eabi/lib/thumb/v7-m\libc_nano.a(lib_a-fwalk.o)
[...]
Memory Configuration

Name             Origin             Length             Attributes
FLASH            0x0000000008000000 0x0000000000020000 xr
RAM              0x0000000020000000 0x0000000000005000 xrw
*default*        0x0000000000000000 0xffffffffffffffff

Linker script and memory map

LOAD c:/st/stm32cubeide/plugins/com.st.stm32cube.ide.mcu.externaltools.gnu-tools-for-stm32.7-2018-q2-update.win32_1.5.0.202011040924/tools/bin/../lib/gcc/arm-none-eabi/7.3.1/thumb/v7-m/crti.o
LOAD c:/st/stm32cubeide/plugins/com.st.stm32cube.ide.mcu.externaltools.gnu-tools-for-stm32.7-2018-q2-update.win32_1.5.0.202011040924/tools/bin/../lib/gcc/arm-none-eabi/7.3.1/thumb/v7-m/crtbegin.o
LOAD c:/st/stm32cubeide/plugins/com.st.stm32cube.ide.mcu.externaltools.gnu-tools-for-stm32.7-2018-q2-update.win32_1.5.0.202011040924/tools/bin/../lib/gcc/arm-none-eabi/7.3.1/../../../../arm-none-eabi/lib/thumb/v7-m/crt0.o
LOAD Drivers/STM32F1xx_HAL_Driver/Src/stm32f1xx_hal.o
LOAD Drivers/STM32F1xx_HAL_Driver/Src/stm32f1xx_hal_can.o
LOAD Drivers/STM32F1xx_HAL_Driver/Src/stm32f1xx_hal_cortex.o
LOAD Drivers/STM32F1xx_HAL_Driver/Src/stm32f1xx_hal_dma.o
LOAD Drivers/STM32F1xx_HAL_Driver/Src/stm32f1xx_hal_exti.o
LOAD Drivers/STM32F1xx_HAL_Driver/Src/stm32f1xx_hal_flash.o
LOAD Drivers/STM32F1xx_HAL_Driver/Src/stm32f1xx_hal_flash_ex.o
LOAD Drivers/STM32F1xx_HAL_Driver/Src/stm32f1xx_hal_gpio.o
LOAD Drivers/STM32F1xx_HAL_Driver/Src/stm32f1xx_hal_gpio_ex.o
LOAD Drivers/STM32F1xx_HAL_Driver/Src/stm32f1xx_hal_pwr.o
LOAD Drivers/STM32F1xx_HAL_Driver/Src/stm32f1xx_hal_rcc.o
LOAD Drivers/STM32F1xx_HAL_Driver/Src/stm32f1xx_hal_rcc_ex.o
LOAD Drivers/STM32F1xx_HAL_Driver/Src/stm32f1xx_hal_tim.o
LOAD Drivers/STM32F1xx_HAL_Driver/Src/stm32f1xx_hal_tim_ex.o
LOAD Drivers/STM32F1xx_HAL_Driver/Src/stm32f1xx_hal_uart.o
LOAD Src/can.o
LOAD Src/gpio.o
LOAD Src/main.o
LOAD Src/stm32f1xx_hal_msp.o
LOAD Src/stm32f1xx_it.o
LOAD Src/syscalls.o
LOAD Src/sysmem.o
LOAD Src/system_stm32f1xx.o
LOAD Src/tim.o
LOAD Src/usart.o
LOAD Startup/startup_stm32f103rbtx.o
LOAD source/canpie/source/canpie-fd/cp_fifo.o
LOAD source/canpie/source/canpie-fd/cp_msg.o
LOAD source/canpie-fd_device/stm32/hal/stm32_canpie-fd.o
LOAD source/io_app_conv/io_app_convc.o
LOAD source/io_app_demo_canpie_test.o
LOAD source/tim_ext.o
LOAD source/io_app_ma_w/io_app_ma_w.o
LOAD source/li_can_slv/source/api/li_can_slv_api.o
LOAD source/li_can_slv/source/arch/canpie_adapter/io_can_async_hw.o
LOAD source/li_can_slv/source/arch/canpie_adapter/io_can_hw.o
LOAD source/li_can_slv/source/arch/canpie_adapter/io_can_main_hw.o
LOAD source/li_can_slv/source/arch/canpie_adapter/io_can_main_hw_handler.o
LOAD source/li_can_slv/source/config/io_can_config.o
LOAD source/li_can_slv/source/core/io_can.o
LOAD source/li_can_slv/source/core/io_can_main.o
LOAD source/li_can_slv/source/core/io_can_main_handler.o
LOAD source/li_can_slv/source/error/io_can_errno.o
LOAD source/li_can_slv/source/error/io_can_error.o
LOAD source/li_can_slv/source/sync/io_can_sync.o
LOAD source/li_can_slv/source/sync/io_can_sync_handler.o
LOAD source/li_can_slv/source/sys/io_can_sys.o
LOAD source/li_can_slv/source/util/io_can_analyzer.o
LOAD source/li_can_slv/source/util/io_can_quality.o
LOAD source/li_can_slv/source/util/li_can_slv_assert.o
LOAD source/li_can_slv/source/xload/li_can_slv_xload_buffer.o
LOAD source/li_can_slv/source/xload/li_can_slv_xload_info.o
START GROUP
LOAD c:/st/stm32cubeide/plugins/com.st.stm32cube.ide.mcu.externaltools.gnu-tools-for-stm32.7-2018-q2-update.win32_1.5.0.202011040924/tools/bin/../lib/gcc/arm-none-eabi/7.3.1/../../../../arm-none-eabi/lib/thumb/v7-m\libc_nano.a
LOAD c:/st/stm32cubeide/plugins/com.st.stm32cube.ide.mcu.externaltools.gnu-tools-for-stm32.7-2018-q2-update.win32_1.5.0.202011040924/tools/bin/../lib/gcc/arm-none-eabi/7.3.1/../../../../arm-none-eabi/lib/thumb/v7-m\libm.a
END GROUP
START GROUP
LOAD c:/st/stm32cubeide/plugins/com.st.stm32cube.ide.mcu.externaltools.gnu-tools-for-stm32.7-2018-q2-update.win32_1.5.0.202011040924/tools/bin/../lib/gcc/arm-none-eabi/7.3.1/thumb/v7-m\libgcc.a
LOAD c:/st/stm32cubeide/plugins/com.st.stm32cube.ide.mcu.externaltools.gnu-tools-for-stm32.7-2018-q2-update.win32_1.5.0.202011040924/tools/bin/../lib/gcc/arm-none-eabi/7.3.1/../../../../arm-none-eabi/lib/thumb/v7-m\libc_nano.a
END GROUP
START GROUP
LOAD c:/st/stm32cubeide/plugins/com.st.stm32cube.ide.mcu.externaltools.gnu-tools-for-stm32.7-2018-q2-update.win32_1.5.0.202011040924/tools/bin/../lib/gcc/arm-none-eabi/7.3.1/thumb/v7-m\libgcc.a
LOAD c:/st/stm32cubeide/plugins/com.st.stm32cube.ide.mcu.externaltools.gnu-tools-for-stm32.7-2018-q2-update.win32_1.5.0.202011040924/tools/bin/../lib/gcc/arm-none-eabi/7.3.1/../../../../arm-none-eabi/lib/thumb/v7-m\libc_nano.a
LOAD c:/st/stm32cubeide/plugins/com.st.stm32cube.ide.mcu.externaltools.gnu-tools-for-stm32.7-2018-q2-update.win32_1.5.0.202011040924/tools/bin/../lib/gcc/arm-none-eabi/7.3.1/../../../../arm-none-eabi/lib/thumb/v7-m\libnosys.a
END GROUP
START GROUP
LOAD c:/st/stm32cubeide/plugins/com.st.stm32cube.ide.mcu.externaltools.gnu-tools-for-stm32.7-2018-q2-update.win32_1.5.0.202011040924/tools/bin/../lib/gcc/arm-none-eabi/7.3.1/thumb/v7-m\libgcc.a
LOAD c:/st/stm32cubeide/plugins/com.st.stm32cube.ide.mcu.externaltools.gnu-tools-for-stm32.7-2018-q2-update.win32_1.5.0.202011040924/tools/bin/../lib/gcc/arm-none-eabi/7.3.1/../../../../arm-none-eabi/lib/thumb/v7-m\libc_nano.a
LOAD c:/st/stm32cubeide/plugins/com.st.stm32cube.ide.mcu.externaltools.gnu-tools-for-stm32.7-2018-q2-update.win32_1.5.0.202011040924/tools/bin/../lib/gcc/arm-none-eabi/7.3.1/../../../../arm-none-eabi/lib/thumb/v7-m\libnosys.a
END GROUP
LOAD c:/st/stm32cubeide/plugins/com.st.stm32cube.ide.mcu.externaltools.gnu-tools-for-stm32.7-2018-q2-update.win32_1.5.0.202011040924/tools/bin/../lib/gcc/arm-none-eabi/7.3.1/thumb/v7-m/crtend.o
LOAD c:/st/stm32cubeide/plugins/com.st.stm32cube.ide.mcu.externaltools.gnu-tools-for-stm32.7-2018-q2-update.win32_1.5.0.202011040924/tools/bin/../lib/gcc/arm-none-eabi/7.3.1/thumb/v7-m/crtn.o
                0x0000000020005000                _estack = 0x20005000
                0x0000000000000200                _Min_Heap_Size = 0x200
                0x0000000000000400                _Min_Stack_Size = 0x400

.isr_vector     0x0000000008000000      0x10c
                0x0000000008000000                . = ALIGN (0x4)
 *(.isr_vector)
 .isr_vector    0x0000000008000000      0x10c Startup/startup_stm32f103rbtx.o
                0x0000000008000000                g_pfnVectors
                0x000000000800010c                . = ALIGN (0x4)

.text           0x000000000800010c     0x4d80
                0x000000000800010c                . = ALIGN (0x4)
 *(.text)
 .text          0x000000000800010c       0x40 c:/st/stm32cubeide/plugins/com.st.stm32cube.ide.mcu.externaltools.gnu-tools-for-stm32.7-2018-q2-update.win32_1.5.0.202011040924/tools/bin/../lib/gcc/arm-none-eabi/7.3.1/thumb/v7-m/crtbegin.o
 *(.text*)
 .text.HAL_Init
                0x000000000800014c       0x2c Drivers/STM32F1xx_HAL_Driver/Src/stm32f1xx_hal.o
                0x000000000800014c                HAL_Init
 .text.HAL_InitTick
                0x0000000008000178       0x60 Drivers/STM32F1xx_HAL_Driver/Src/stm32f1xx_hal.o
                0x0000000008000178                HAL_InitTick
 .text.HAL_IncTick
                0x00000000080001d8       0x24 Drivers/STM32F1xx_HAL_Driver/Src/stm32f1xx_hal.o
                0x00000000080001d8                HAL_IncTick
 .text.HAL_GetTick
                0x00000000080001fc       0x14 Drivers/STM32F1xx_HAL_Driver/Src/stm32f1xx_hal.o
                0x00000000080001fc                HAL_GetTick
 .text.HAL_Delay
                0x0000000008000210       0x44 Drivers/STM32F1xx_HAL_Driver/Src/stm32f1xx_hal.o
                0x0000000008000210                HAL_Delay
 .text.HAL_CAN_Init
                0x0000000008000254      0x1f6 Drivers/STM32F1xx_HAL_Driver/Src/stm32f1xx_hal_can.o
                0x0000000008000254                HAL_CAN_Init
 .text.HAL_CAN_DeInit
                0x000000000800044a       0x46 Drivers/STM32F1xx_HAL_Driver/Src/stm32f1xx_hal_can.o
                0x000000000800044a                HAL_CAN_DeInit
 .text.HAL_CAN_ConfigFilter
                0x0000000008000490      0x192 Drivers/STM32F1xx_HAL_Driver/Src/stm32f1xx_hal_can.o
                0x0000000008000490                HAL_CAN_ConfigFilter
 .text.HAL_CAN_Start
                0x0000000008000622       0x88 Drivers/STM32F1xx_HAL_Driver/Src/stm32f1xx_hal_can.o
                0x0000000008000622                HAL_CAN_Start
 .text.HAL_CAN_Stop
                0x00000000080006aa       0x92 Drivers/STM32F1xx_HAL_Driver/Src/stm32f1xx_hal_can.o
                0x00000000080006aa                HAL_CAN_Stop
 .text.HAL_CAN_AddTxMessage
                0x000000000800073c      0x1b4 Drivers/STM32F1xx_HAL_Driver/Src/stm32f1xx_hal_can.o
                0x000000000800073c                HAL_CAN_AddTxMessage
 .text.HAL_CAN_GetRxMessage
                0x00000000080008f0      0x222 Drivers/STM32F1xx_HAL_Driver/Src/stm32f1xx_hal_can.o
                0x00000000080008f0                HAL_CAN_GetRxMessage
 .text.HAL_CAN_ActivateNotification
                0x0000000008000b12       0x4a Drivers/STM32F1xx_HAL_Driver/Src/stm32f1xx_hal_can.o
                0x0000000008000b12                HAL_CAN_ActivateNotification
 .text.HAL_CAN_DeactivateNotification
                0x0000000008000b5c       0x4c Drivers/STM32F1xx_HAL_Driver/Src/stm32f1xx_hal_can.o
                0x0000000008000b5c                HAL_CAN_DeactivateNotification
 .text.HAL_CAN_IRQHandler
                0x0000000008000ba8      0x362 Drivers/STM32F1xx_HAL_Driver/Src/stm32f1xx_hal_can.o
                0x0000000008000ba8                HAL_CAN_IRQHandler
 .text.HAL_CAN_TxMailbox0AbortCallback
                0x0000000008000f0a       0x12 Drivers/STM32F1xx_HAL_Driver/Src/stm32f1xx_hal_can.o
                0x0000000008000f0a                HAL_CAN_TxMailbox0AbortCallback
 .text.HAL_CAN_TxMailbox1AbortCallback
                0x0000000008000f1c       0x12 Drivers/STM32F1xx_HAL_Driver/Src/stm32f1xx_hal_can.o
                0x0000000008000f1c                HAL_CAN_TxMailbox1AbortCallback
 .text.HAL_CAN_TxMailbox2AbortCallback
                0x0000000008000f2e       0x12 Drivers/STM32F1xx_HAL_Driver/Src/stm32f1xx_hal_can.o
                0x0000000008000f2e                HAL_CAN_TxMailbox2AbortCallback
 .text.HAL_CAN_RxFifo0FullCallback
                0x0000000008000f40       0x12 Drivers/STM32F1xx_HAL_Driver/Src/stm32f1xx_hal_can.o
                0x0000000008000f40                HAL_CAN_RxFifo0FullCallback
 .text.HAL_CAN_RxFifo1MsgPendingCallback
                0x0000000008000f52       0x12 Drivers/STM32F1xx_HAL_Driver/Src/stm32f1xx_hal_can.o
                0x0000000008000f52                HAL_CAN_RxFifo1MsgPendingCallback
 .text.HAL_CAN_RxFifo1FullCallback
                0x0000000008000f64       0x12 Drivers/STM32F1xx_HAL_Driver/Src/stm32f1xx_hal_can.o
                0x0000000008000f64                HAL_CAN_RxFifo1FullCallback
 .text.HAL_CAN_SleepCallback
                0x0000000008000f76       0x12 Drivers/STM32F1xx_HAL_Driver/Src/stm32f1xx_hal_can.o
                0x0000000008000f76                HAL_CAN_SleepCallback
 .text.HAL_CAN_WakeUpFromRxMsgCallback
                0x0000000008000f88       0x12 Drivers/STM32F1xx_HAL_Driver/Src/stm32f1xx_hal_can.o
                0x0000000008000f88                HAL_CAN_WakeUpFromRxMsgCallback
 .text.HAL_CAN_ResetError
                0x0000000008000f9a       0x44 Drivers/STM32F1xx_HAL_Driver/Src/stm32f1xx_hal_can.o
                0x0000000008000f9a                HAL_CAN_ResetError
 *fill*         0x0000000008000fde        0x2 
 .text.__NVIC_SetPriorityGrouping
                0x0000000008000fe0       0x48 Drivers/STM32F1xx_HAL_Driver/Src/stm32f1xx_hal_cortex.o
 .text.__NVIC_GetPriorityGrouping
                0x0000000008001028       0x1c Drivers/STM32F1xx_HAL_Driver/Src/stm32f1xx_hal_cortex.o
 .text.__NVIC_EnableIRQ
                0x0000000008001044       0x38 Drivers/STM32F1xx_HAL_Driver/Src/stm32f1xx_hal_cortex.o
 .text.__NVIC_DisableIRQ
                0x000000000800107c       0x44 Drivers/STM32F1xx_HAL_Driver/Src/stm32f1xx_hal_cortex.o
 .text.__NVIC_SetPriority
                0x00000000080010c0       0x54 Drivers/STM32F1xx_HAL_Driver/Src/stm32f1xx_hal_cortex.o
 .text.NVIC_EncodePriority
                0x0000000008001114       0x64 Drivers/STM32F1xx_HAL_Driver/Src/stm32f1xx_hal_cortex.o
 .text.SysTick_Config
                0x0000000008001178       0x44 Drivers/STM32F1xx_HAL_Driver/Src/stm32f1xx_hal_cortex.o
 .text.HAL_NVIC_SetPriorityGrouping
                0x00000000080011bc       0x16 Drivers/STM32F1xx_HAL_Driver/Src/stm32f1xx_hal_cortex.o
                0x00000000080011bc                HAL_NVIC_SetPriorityGrouping
 .text.HAL_NVIC_SetPriority
                0x00000000080011d2       0x38 Drivers/STM32F1xx_HAL_Driver/Src/stm32f1xx_hal_cortex.o
                0x00000000080011d2                HAL_NVIC_SetPriority
 .text.HAL_NVIC_EnableIRQ
                0x000000000800120a       0x1c Drivers/STM32F1xx_HAL_Driver/Src/stm32f1xx_hal_cortex.o
                0x000000000800120a                HAL_NVIC_EnableIRQ
 .text.HAL_NVIC_DisableIRQ
                0x0000000008001226       0x1c Drivers/STM32F1xx_HAL_Driver/Src/stm32f1xx_hal_cortex.o
                0x0000000008001226                HAL_NVIC_DisableIRQ
 .text.HAL_SYSTICK_Config
                0x0000000008001242       0x18 Drivers/STM32F1xx_HAL_Driver/Src/stm32f1xx_hal_cortex.o
                0x0000000008001242                HAL_SYSTICK_Config
 *fill*         0x000000000800125a        0x2 
 .text.HAL_GPIO_Init
                0x000000000800125c      0x2b4 Drivers/STM32F1xx_HAL_Driver/Src/stm32f1xx_hal_gpio.o
                0x000000000800125c                HAL_GPIO_Init
 .text.HAL_GPIO_DeInit
                0x0000000008001510      0x178 Drivers/STM32F1xx_HAL_Driver/Src/stm32f1xx_hal_gpio.o
                0x0000000008001510                HAL_GPIO_DeInit
 .text.HAL_GPIO_WritePin
                0x0000000008001688       0x30 Drivers/STM32F1xx_HAL_Driver/Src/stm32f1xx_hal_gpio.o
                0x0000000008001688                HAL_GPIO_WritePin
 .text.HAL_GPIO_EXTI_IRQHandler
                0x00000000080016b8       0x30 Drivers/STM32F1xx_HAL_Driver/Src/stm32f1xx_hal_gpio.o
                0x00000000080016b8                HAL_GPIO_EXTI_IRQHandler
 .text.HAL_GPIO_EXTI_Callback
                0x00000000080016e8       0x14 Drivers/STM32F1xx_HAL_Driver/Src/stm32f1xx_hal_gpio.o
                0x00000000080016e8                HAL_GPIO_EXTI_Callback
 .text.HAL_RCC_OscConfig
                0x00000000080016fc      0x500 Drivers/STM32F1xx_HAL_Driver/Src/stm32f1xx_hal_rcc.o
                0x00000000080016fc                HAL_RCC_OscConfig
 .text.HAL_RCC_ClockConfig
                0x0000000008001bfc      0x1d4 Drivers/STM32F1xx_HAL_Driver/Src/stm32f1xx_hal_rcc.o
                0x0000000008001bfc                HAL_RCC_ClockConfig
 .text.HAL_RCC_GetSysClockFreq
                0x0000000008001dd0       0xc4 Drivers/STM32F1xx_HAL_Driver/Src/stm32f1xx_hal_rcc.o
                0x0000000008001dd0                HAL_RCC_GetSysClockFreq
 .text.HAL_RCC_GetHCLKFreq
                0x0000000008001e94       0x14 Drivers/STM32F1xx_HAL_Driver/Src/stm32f1xx_hal_rcc.o
                0x0000000008001e94                HAL_RCC_GetHCLKFreq
 .text.HAL_RCC_GetPCLK1Freq
                0x0000000008001ea8       0x28 Drivers/STM32F1xx_HAL_Driver/Src/stm32f1xx_hal_rcc.o
                0x0000000008001ea8                HAL_RCC_GetPCLK1Freq
 .text.HAL_RCC_GetPCLK2Freq
                0x0000000008001ed0       0x28 Drivers/STM32F1xx_HAL_Driver/Src/stm32f1xx_hal_rcc.o
                0x0000000008001ed0                HAL_RCC_GetPCLK2Freq
 .text.RCC_Delay
                0x0000000008001ef8       0x3c Drivers/STM32F1xx_HAL_Driver/Src/stm32f1xx_hal_rcc.o
 .text.HAL_UART_Init
                0x0000000008001f34       0x9a Drivers/STM32F1xx_HAL_Driver/Src/stm32f1xx_hal_uart.o
                0x0000000008001f34                HAL_UART_Init
 .text.HAL_UART_Transmit
                0x0000000008001fce      0x132 Drivers/STM32F1xx_HAL_Driver/Src/stm32f1xx_hal_uart.o
                0x0000000008001fce                HAL_UART_Transmit
 .text.UART_WaitOnFlagUntilTimeout
                0x0000000008002100       0x94 Drivers/STM32F1xx_HAL_Driver/Src/stm32f1xx_hal_uart.o
 .text.UART_SetConfig
                0x0000000008002194      0x1b4 Drivers/STM32F1xx_HAL_Driver/Src/stm32f1xx_hal_uart.o
 .text.HAL_CAN_MspInit
                0x0000000008002348       0xe0 Src/can.o
                0x0000000008002348                HAL_CAN_MspInit
 .text.HAL_CAN_MspDeInit
                0x0000000008002428       0x48 Src/can.o
                0x0000000008002428                HAL_CAN_MspDeInit
 .text.MX_GPIO_Init
                0x0000000008002470       0xdc Src/gpio.o
                0x0000000008002470                MX_GPIO_Init
 .text.__io_putchar
                0x000000000800254c       0x24 Src/main.o
                0x000000000800254c                __io_putchar
 .text.main     0x0000000008002570       0x3c Src/main.o
                0x0000000008002570                main
 .text.SystemClock_Config
                0x00000000080025ac       0x8a Src/main.o
                0x00000000080025ac                SystemClock_Config
 .text.Error_Handler
                0x0000000008002636        0xc Src/main.o
                0x0000000008002636                Error_Handler
 *fill*         0x0000000008002642        0x2 
 .text.HAL_MspInit
                0x0000000008002644       0x64 Src/stm32f1xx_hal_msp.o
                0x0000000008002644                HAL_MspInit
 .text.NMI_Handler
                0x00000000080026a8        0xc Src/stm32f1xx_it.o
                0x00000000080026a8                NMI_Handler
 .text.HardFault_Handler
                0x00000000080026b4        0x6 Src/stm32f1xx_it.o
                0x00000000080026b4                HardFault_Handler
 .text.MemManage_Handler
                0x00000000080026ba        0x6 Src/stm32f1xx_it.o
                0x00000000080026ba                MemManage_Handler
 .text.BusFault_Handler
                0x00000000080026c0        0x6 Src/stm32f1xx_it.o
                0x00000000080026c0                BusFault_Handler
 .text.UsageFault_Handler
                0x00000000080026c6        0x6 Src/stm32f1xx_it.o
                0x00000000080026c6                UsageFault_Handler
 .text.SVC_Handler
                0x00000000080026cc        0xc Src/stm32f1xx_it.o
                0x00000000080026cc                SVC_Handler
 .text.DebugMon_Handler
                0x00000000080026d8        0xc Src/stm32f1xx_it.o
                0x00000000080026d8                DebugMon_Handler
 .text.PendSV_Handler
                0x00000000080026e4        0xc Src/stm32f1xx_it.o
                0x00000000080026e4                PendSV_Handler
 .text.SysTick_Handler
                0x00000000080026f0       0x2c Src/stm32f1xx_it.o
                0x00000000080026f0                SysTick_Handler
 .text.USB_HP_CAN1_TX_IRQHandler
                0x000000000800271c       0x14 Src/stm32f1xx_it.o
                0x000000000800271c                USB_HP_CAN1_TX_IRQHandler
 .text.USB_LP_CAN1_RX0_IRQHandler
                0x0000000008002730       0x14 Src/stm32f1xx_it.o
                0x0000000008002730                USB_LP_CAN1_RX0_IRQHandler
 .text.EXTI15_10_IRQHandler
                0x0000000008002744       0x10 Src/stm32f1xx_it.o
                0x0000000008002744                EXTI15_10_IRQHandler
 .text._read    0x0000000008002754       0x3a Src/syscalls.o
                0x0000000008002754                _read
 .text._write   0x000000000800278e       0x38 Src/syscalls.o
                0x000000000800278e                _write
 .text._close   0x00000000080027c6       0x16 Src/syscalls.o
                0x00000000080027c6                _close
 .text._fstat   0x00000000080027dc       0x1e Src/syscalls.o
                0x00000000080027dc                _fstat
 .text._isatty  0x00000000080027fa       0x14 Src/syscalls.o
                0x00000000080027fa                _isatty
 .text._lseek   0x000000000800280e       0x18 Src/syscalls.o
                0x000000000800280e                _lseek
 *fill*         0x0000000008002826        0x2 
 .text._sbrk    0x0000000008002828       0x58 Src/sysmem.o
                0x0000000008002828                _sbrk
 .text.SystemInit
                0x0000000008002880       0x68 Src/system_stm32f1xx.o
                0x0000000008002880                SystemInit
 .text.MX_USART1_UART_Init
                0x00000000080028e8       0x54 Src/usart.o
                0x00000000080028e8                MX_USART1_UART_Init
 .text.MX_USART2_UART_Init
                0x000000000800293c       0x54 Src/usart.o
                0x000000000800293c                MX_USART2_UART_Init
 .text.HAL_UART_MspInit
                0x0000000008002990       0xf0 Src/usart.o
                0x0000000008002990                HAL_UART_MspInit
 .text.Reset_Handler
                0x0000000008002a80       0x48 Startup/startup_stm32f103rbtx.o
                0x0000000008002a80                Reset_Handler
 .text.Default_Handler
                0x0000000008002ac8        0x2 Startup/startup_stm32f103rbtx.o
                0x0000000008002ac8                RTC_Alarm_IRQHandler
                0x0000000008002ac8                EXTI2_IRQHandler
                0x0000000008002ac8                TIM1_CC_IRQHandler
                0x0000000008002ac8                PVD_IRQHandler
                0x0000000008002ac8                EXTI3_IRQHandler
                0x0000000008002ac8                EXTI0_IRQHandler
                0x0000000008002ac8                I2C2_EV_IRQHandler
                0x0000000008002ac8                ADC1_2_IRQHandler
                0x0000000008002ac8                SPI1_IRQHandler
                0x0000000008002ac8                TAMPER_IRQHandler
                0x0000000008002ac8                DMA1_Channel4_IRQHandler
                0x0000000008002ac8                USART3_IRQHandler
                0x0000000008002ac8                RTC_IRQHandler
                0x0000000008002ac8                DMA1_Channel7_IRQHandler
                0x0000000008002ac8                CAN1_RX1_IRQHandler
                0x0000000008002ac8                TIM4_IRQHandler
                0x0000000008002ac8                I2C1_EV_IRQHandler
                0x0000000008002ac8                DMA1_Channel6_IRQHandler
                0x0000000008002ac8                TIM3_IRQHandler
                0x0000000008002ac8                RCC_IRQHandler
                0x0000000008002ac8                TIM1_TRG_COM_IRQHandler
                0x0000000008002ac8                DMA1_Channel1_IRQHandler
                0x0000000008002ac8                Default_Handler
                0x0000000008002ac8                EXTI9_5_IRQHandler
                0x0000000008002ac8                SPI2_IRQHandler
                0x0000000008002ac8                DMA1_Channel5_IRQHandler
                0x0000000008002ac8                EXTI4_IRQHandler
                0x0000000008002ac8                DMA1_Channel3_IRQHandler
                0x0000000008002ac8                TIM1_UP_IRQHandler
                0x0000000008002ac8                WWDG_IRQHandler
                0x0000000008002ac8                TIM2_IRQHandler
                0x0000000008002ac8                TIM1_BRK_IRQHandler
                0x0000000008002ac8                EXTI1_IRQHandler
                0x0000000008002ac8                USART2_IRQHandler
                0x0000000008002ac8                I2C2_ER_IRQHandler
                0x0000000008002ac8                DMA1_Channel2_IRQHandler
                0x0000000008002ac8                CAN1_SCE_IRQHandler
                0x0000000008002ac8                FLASH_IRQHandler
                0x0000000008002ac8                USART1_IRQHandler
                0x0000000008002ac8                I2C1_ER_IRQHandler
                0x0000000008002ac8                USBWakeUp_IRQHandler
 .text.CpFifoDataInPtr
                0x0000000008002aca       0x24 source/canpie/source/canpie-fd/cp_fifo.o
                0x0000000008002aca                CpFifoDataInPtr
 .text.CpFifoDataOutPtr
                0x0000000008002aee       0x24 source/canpie/source/canpie-fd/cp_fifo.o
                0x0000000008002aee                CpFifoDataOutPtr
 .text.CpFifoIncIn
                0x0000000008002b12       0x4c source/canpie/source/canpie-fd/cp_fifo.o
                0x0000000008002b12                CpFifoIncIn
 .text.CpFifoIncOut
                0x0000000008002b5e       0x4c source/canpie/source/canpie-fd/cp_fifo.o
                0x0000000008002b5e                CpFifoIncOut
 .text.CpFifoInit
                0x0000000008002baa       0x34 source/canpie/source/canpie-fd/cp_fifo.o
                0x0000000008002baa                CpFifoInit
 .text.CpFifoIsEmpty
                0x0000000008002bde       0x24 source/canpie/source/canpie-fd/cp_fifo.o
                0x0000000008002bde                CpFifoIsEmpty
 .text.CpFifoIsFull
                0x0000000008002c02       0x24 source/canpie/source/canpie-fd/cp_fifo.o
                0x0000000008002c02                CpFifoIsFull
 .text.CpMsgClear
                0x0000000008002c26       0x50 source/canpie/source/canpie-fd/cp_msg.o
                0x0000000008002c26                CpMsgClear
 .text.CpMsgClrRemote
                0x0000000008002c76       0x26 source/canpie/source/canpie-fd/cp_msg.o
                0x0000000008002c76                CpMsgClrRemote
 .text.CpMsgGetStdId
                0x0000000008002c9c       0x2a source/canpie/source/canpie-fd/cp_msg.o
                0x0000000008002c9c                CpMsgGetStdId
 .text.CpMsgInit
                0x0000000008002cc6       0x34 source/canpie/source/canpie-fd/cp_msg.o
                0x0000000008002cc6                CpMsgInit
 .text.CpMsgIsExtended
                0x0000000008002cfa       0x2e source/canpie/source/canpie-fd/cp_msg.o
                0x0000000008002cfa                CpMsgIsExtended
 .text.CpMsgIsRemote
                0x0000000008002d28       0x2e source/canpie/source/canpie-fd/cp_msg.o
                0x0000000008002d28                CpMsgIsRemote
 .text.CpMsgSetData
                0x0000000008002d56       0x4e source/canpie/source/canpie-fd/cp_msg.o
                0x0000000008002d56                CpMsgSetData
 .text.CpMsgSetDlc
                0x0000000008002da4       0x42 source/canpie/source/canpie-fd/cp_msg.o
                0x0000000008002da4                CpMsgSetDlc
 .text.CpMsgSetExtId
                0x0000000008002de6       0x36 source/canpie/source/canpie-fd/cp_msg.o
                0x0000000008002de6                CpMsgSetExtId
 .text.CpMsgSetIdentifier
                0x0000000008002e1c       0x3c source/canpie/source/canpie-fd/cp_msg.o
                0x0000000008002e1c                CpMsgSetIdentifier
 .text.CpMsgSetRemote
                0x0000000008002e58       0x32 source/canpie/source/canpie-fd/cp_msg.o
                0x0000000008002e58                CpMsgSetRemote
 .text.CpMsgSetStdId
                0x0000000008002e8a       0x38 source/canpie/source/canpie-fd/cp_msg.o
                0x0000000008002e8a                CpMsgSetStdId
 .text.CheckParam
                0x0000000008002ec2       0x42 source/canpie-fd_device/stm32/hal/stm32_canpie-fd.o
 .text.CpCoreBitrate
                0x0000000008002f04      0x158 source/canpie-fd_device/stm32/hal/stm32_canpie-fd.o
                0x0000000008002f04                CpCoreBitrate
 .text.CpCoreBufferConfig
                0x000000000800305c       0xfc source/canpie-fd_device/stm32/hal/stm32_canpie-fd.o
                0x000000000800305c                CpCoreBufferConfig
 .text.CpCoreBufferRelease
                0x0000000008003158       0x9c source/canpie-fd_device/stm32/hal/stm32_canpie-fd.o
                0x0000000008003158                CpCoreBufferRelease
 .text.CpCoreBufferSend
                0x00000000080031f4      0x16c source/canpie-fd_device/stm32/hal/stm32_canpie-fd.o
                0x00000000080031f4                CpCoreBufferSend
 .text.CpCoreCanMode
                0x0000000008003360      0x108 source/canpie-fd_device/stm32/hal/stm32_canpie-fd.o
                0x0000000008003360                CpCoreCanMode
 .text.CpCoreDriverInit
                0x0000000008003468      0x118 source/canpie-fd_device/stm32/hal/stm32_canpie-fd.o
                0x0000000008003468                CpCoreDriverInit
 .text.CpCoreFifoConfig
                0x0000000008003580       0x48 source/canpie-fd_device/stm32/hal/stm32_canpie-fd.o
                0x0000000008003580                CpCoreFifoConfig
 .text.CpCoreFifoWrite
                0x00000000080035c8       0xf4 source/canpie-fd_device/stm32/hal/stm32_canpie-fd.o
                0x00000000080035c8                CpCoreFifoWrite
 .text.CpCoreIntFunctions
                0x00000000080036bc       0x50 source/canpie-fd_device/stm32/hal/stm32_canpie-fd.o
                0x00000000080036bc                CpCoreIntFunctions
 .text.can_filter_config
                0x000000000800370c       0x94 source/canpie-fd_device/stm32/hal/stm32_canpie-fd.o
 .text.get_next_free_filter_number
                0x00000000080037a0       0x40 source/canpie-fd_device/stm32/hal/stm32_canpie-fd.o
 .text.search_for_already_defined_filter
                0x00000000080037e0       0x48 source/canpie-fd_device/stm32/hal/stm32_canpie-fd.o
 .text.can_filter_init
                0x0000000008003828       0x88 source/canpie-fd_device/stm32/hal/stm32_canpie-fd.o
 .text.HAL_CAN_TxMailbox0CompleteCallback
                0x00000000080038b0      0x140 source/canpie-fd_device/stm32/hal/stm32_canpie-fd.o
                0x00000000080038b0                HAL_CAN_TxMailbox0CompleteCallback
 .text.HAL_CAN_TxMailbox1CompleteCallback
                0x00000000080039f0      0x134 source/canpie-fd_device/stm32/hal/stm32_canpie-fd.o
                0x00000000080039f0                HAL_CAN_TxMailbox1CompleteCallback
 .text.HAL_CAN_TxMailbox2CompleteCallback
                0x0000000008003b24      0x134 source/canpie-fd_device/stm32/hal/stm32_canpie-fd.o
                0x0000000008003b24                HAL_CAN_TxMailbox2CompleteCallback
 .text.HAL_CAN_RxFifo0MsgPendingCallback
                0x0000000008003c58      0x124 source/canpie-fd_device/stm32/hal/stm32_canpie-fd.o
                0x0000000008003c58                HAL_CAN_RxFifo0MsgPendingCallback
 .text.HAL_CAN_ErrorCallback
                0x0000000008003d7c       0x4c source/canpie-fd_device/stm32/hal/stm32_canpie-fd.o
                0x0000000008003d7c                HAL_CAN_ErrorCallback
 .text.app_init
                0x0000000008003dc8       0xd0 source/io_app_demo_canpie_test.o
                0x0000000008003dc8                app_init
 .text.app_main
                0x0000000008003e98       0xf8 source/io_app_demo_canpie_test.o
                0x0000000008003e98                app_main
 .text.app_process_5msec
                0x0000000008003f90        0xc source/io_app_demo_canpie_test.o
                0x0000000008003f90                app_process_5msec
 .text.canpie_tx_handler
                0x0000000008003f9c       0x30 source/io_app_demo_canpie_test.o
 .text.canpie_rx_handler
                0x0000000008003fcc       0x34 source/io_app_demo_canpie_test.o
 .text.canpie_err_handler
                0x0000000008004000       0x1c source/io_app_demo_canpie_test.o
 .text.__errno  0x000000000800401c        0xc c:/st/stm32cubeide/plugins/com.st.stm32cube.ide.mcu.externaltools.gnu-tools-for-stm32.7-2018-q2-update.win32_1.5.0.202011040924/tools/bin/../lib/gcc/arm-none-eabi/7.3.1/../../../../arm-none-eabi/lib/thumb/v7-m\libc_nano.a(lib_a-errno.o)
                0x000000000800401c                __errno
 .text.__libc_init_array
                0x0000000008004028       0x48 c:/st/stm32cubeide/plugins/com.st.stm32cube.ide.mcu.externaltools.gnu-tools-for-stm32.7-2018-q2-update.win32_1.5.0.202011040924/tools/bin/../lib/gcc/arm-none-eabi/7.3.1/../../../../arm-none-eabi/lib/thumb/v7-m\libc_nano.a(lib_a-init.o)
                0x0000000008004028                __libc_init_array
 .text.memcpy   0x0000000008004070       0x16 c:/st/stm32cubeide/plugins/com.st.stm32cube.ide.mcu.externaltools.gnu-tools-for-stm32.7-2018-q2-update.win32_1.5.0.202011040924/tools/bin/../lib/gcc/arm-none-eabi/7.3.1/../../../../arm-none-eabi/lib/thumb/v7-m\libc_nano.a(lib_a-memcpy-stub.o)
                0x0000000008004070                memcpy
 .text.memset   0x0000000008004086       0x10 c:/st/stm32cubeide/plugins/com.st.stm32cube.ide.mcu.externaltools.gnu-tools-for-stm32.7-2018-q2-update.win32_1.5.0.202011040924/tools/bin/../lib/gcc/arm-none-eabi/7.3.1/../../../../arm-none-eabi/lib/thumb/v7-m\libc_nano.a(lib_a-memset.o)
                0x0000000008004086                memset
 *fill*         0x0000000008004096        0x2 
 .text.printf   0x0000000008004098       0x30 c:/st/stm32cubeide/plugins/com.st.stm32cube.ide.mcu.externaltools.gnu-tools-for-stm32.7-2018-q2-update.win32_1.5.0.202011040924/tools/bin/../lib/gcc/arm-none-eabi/7.3.1/../../../../arm-none-eabi/lib/thumb/v7-m\libc_nano.a(lib_a-printf.o)
                0x0000000008004098                iprintf
                0x0000000008004098                printf
 .text.std      0x00000000080040c8       0x48 c:/st/stm32cubeide/plugins/com.st.stm32cube.ide.mcu.externaltools.gnu-tools-for-stm32.7-2018-q2-update.win32_1.5.0.202011040924/tools/bin/../lib/gcc/arm-none-eabi/7.3.1/../../../../arm-none-eabi/lib/thumb/v7-m\libc_nano.a(lib_a-findfp.o)
 .text._cleanup_r
                0x0000000008004110        0xc c:/st/stm32cubeide/plugins/com.st.stm32cube.ide.mcu.externaltools.gnu-tools-for-stm32.7-2018-q2-update.win32_1.5.0.202011040924/tools/bin/../lib/gcc/arm-none-eabi/7.3.1/../../../../arm-none-eabi/lib/thumb/v7-m\libc_nano.a(lib_a-findfp.o)
                0x0000000008004110                _cleanup_r
 .text.__sfmoreglue
                0x000000000800411c       0x2c c:/st/stm32cubeide/plugins/com.st.stm32cube.ide.mcu.externaltools.gnu-tools-for-stm32.7-2018-q2-update.win32_1.5.0.202011040924/tools/bin/../lib/gcc/arm-none-eabi/7.3.1/../../../../arm-none-eabi/lib/thumb/v7-m\libc_nano.a(lib_a-findfp.o)
                0x000000000800411c                __sfmoreglue
 .text.__sinit  0x0000000008004148       0x60 c:/st/stm32cubeide/plugins/com.st.stm32cube.ide.mcu.externaltools.gnu-tools-for-stm32.7-2018-q2-update.win32_1.5.0.202011040924/tools/bin/../lib/gcc/arm-none-eabi/7.3.1/../../../../arm-none-eabi/lib/thumb/v7-m\libc_nano.a(lib_a-findfp.o)
                0x0000000008004148                __sinit
 .text.__sfp    0x00000000080041a8       0x78 c:/st/stm32cubeide/plugins/com.st.stm32cube.ide.mcu.externaltools.gnu-tools-for-stm32.7-2018-q2-update.win32_1.5.0.202011040924/tools/bin/../lib/gcc/arm-none-eabi/7.3.1/../../../../arm-none-eabi/lib/thumb/v7-m\libc_nano.a(lib_a-findfp.o)
                0x00000000080041a8                __sfp
 .text._fwalk_reent
                0x0000000008004220       0x3c c:/st/stm32cubeide/plugins/com.st.stm32cube.ide.mcu.externaltools.gnu-tools-for-stm32.7-2018-q2-update.win32_1.5.0.202011040924/tools/bin/../lib/gcc/arm-none-eabi/7.3.1/../../../../arm-none-eabi/lib/thumb/v7-m\libc_nano.a(lib_a-fwalk.o)
                0x0000000008004220                _fwalk_reent
 .text._malloc_r
                0x000000000800425c       0xb4 c:/st/stm32cubeide/plugins/com.st.stm32cube.ide.mcu.externaltools.gnu-tools-for-stm32.7-2018-q2-update.win32_1.5.0.202011040924/tools/bin/../lib/gcc/arm-none-eabi/7.3.1/../../../../arm-none-eabi/lib/thumb/v7-m\libc_nano.a(lib_a-nano-mallocr.o)
                0x000000000800425c                _malloc_r
 .text.__sfputc_r
                0x0000000008004310       0x2a c:/st/stm32cubeide/plugins/com.st.stm32cube.ide.mcu.externaltools.gnu-tools-for-stm32.7-2018-q2-update.win32_1.5.0.202011040924/tools/bin/../lib/gcc/arm-none-eabi/7.3.1/../../../../arm-none-eabi/lib/thumb/v7-m\libc_nano.a(lib_a-nano-vfprintf.o)
 .text.__sfputs_r
                0x000000000800433a       0x24 c:/st/stm32cubeide/plugins/com.st.stm32cube.ide.mcu.externaltools.gnu-tools-for-stm32.7-2018-q2-update.win32_1.5.0.202011040924/tools/bin/../lib/gcc/arm-none-eabi/7.3.1/../../../../arm-none-eabi/lib/thumb/v7-m\libc_nano.a(lib_a-nano-vfprintf.o)
                0x000000000800433a                __sfputs_r
 *fill*         0x000000000800435e        0x2 
 .text._vfprintf_r
                0x0000000008004360      0x22c c:/st/stm32cubeide/plugins/com.st.stm32cube.ide.mcu.externaltools.gnu-tools-for-stm32.7-2018-q2-update.win32_1.5.0.202011040924/tools/bin/../lib/gcc/arm-none-eabi/7.3.1/../../../../arm-none-eabi/lib/thumb/v7-m\libc_nano.a(lib_a-nano-vfprintf.o)
                0x0000000008004360                _vfprintf_r
                0x0000000008004360                _vfiprintf_r
 .text._printf_common
                0x000000000800458c       0xec c:/st/stm32cubeide/plugins/com.st.stm32cube.ide.mcu.externaltools.gnu-tools-for-stm32.7-2018-q2-update.win32_1.5.0.202011040924/tools/bin/../lib/gcc/arm-none-eabi/7.3.1/../../../../arm-none-eabi/lib/thumb/v7-m\libc_nano.a(lib_a-nano-vfprintf_i.o)
                0x000000000800458c                _printf_common
 .text._printf_i
                0x0000000008004678      0x224 c:/st/stm32cubeide/plugins/com.st.stm32cube.ide.mcu.externaltools.gnu-tools-for-stm32.7-2018-q2-update.win32_1.5.0.202011040924/tools/bin/../lib/gcc/arm-none-eabi/7.3.1/../../../../arm-none-eabi/lib/thumb/v7-m\libc_nano.a(lib_a-nano-vfprintf_i.o)
                0x0000000008004678                _printf_i
 .text._sbrk_r  0x000000000800489c       0x20 c:/st/stm32cubeide/plugins/com.st.stm32cube.ide.mcu.externaltools.gnu-tools-for-stm32.7-2018-q2-update.win32_1.5.0.202011040924/tools/bin/../lib/gcc/arm-none-eabi/7.3.1/../../../../arm-none-eabi/lib/thumb/v7-m\libc_nano.a(lib_a-sbrkr.o)
                0x000000000800489c                _sbrk_r
 .text.__sread  0x00000000080048bc       0x22 c:/st/stm32cubeide/plugins/com.st.stm32cube.ide.mcu.externaltools.gnu-tools-for-stm32.7-2018-q2-update.win32_1.5.0.202011040924/tools/bin/../lib/gcc/arm-none-eabi/7.3.1/../../../../arm-none-eabi/lib/thumb/v7-m\libc_nano.a(lib_a-stdio.o)
                0x00000000080048bc                __sread
 .text.__swrite
                0x00000000080048de       0x38 c:/st/stm32cubeide/plugins/com.st.stm32cube.ide.mcu.externaltools.gnu-tools-for-stm32.7-2018-q2-update.win32_1.5.0.202011040924/tools/bin/../lib/gcc/arm-none-eabi/7.3.1/../../../../arm-none-eabi/lib/thumb/v7-m\libc_nano.a(lib_a-stdio.o)
                0x00000000080048de                __swrite
 .text.__sseek  0x0000000008004916       0x24 c:/st/stm32cubeide/plugins/com.st.stm32cube.ide.mcu.externaltools.gnu-tools-for-stm32.7-2018-q2-update.win32_1.5.0.202011040924/tools/bin/../lib/gcc/arm-none-eabi/7.3.1/../../../../arm-none-eabi/lib/thumb/v7-m\libc_nano.a(lib_a-stdio.o)
                0x0000000008004916                __sseek
 .text.__sclose
                0x000000000800493a        0x8 c:/st/stm32cubeide/plugins/com.st.stm32cube.ide.mcu.externaltools.gnu-tools-for-stm32.7-2018-q2-update.win32_1.5.0.202011040924/tools/bin/../lib/gcc/arm-none-eabi/7.3.1/../../../../arm-none-eabi/lib/thumb/v7-m\libc_nano.a(lib_a-stdio.o)
                0x000000000800493a                __sclose
 *fill*         0x0000000008004942        0x2 
 .text.__swbuf_r
                0x0000000008004944       0xa4 c:/st/stm32cubeide/plugins/com.st.stm32cube.ide.mcu.externaltools.gnu-tools-for-stm32.7-2018-q2-update.win32_1.5.0.202011040924/tools/bin/../lib/gcc/arm-none-eabi/7.3.1/../../../../arm-none-eabi/lib/thumb/v7-m\libc_nano.a(lib_a-wbuf.o)
                0x0000000008004944                __swbuf_r
 .text._write_r
                0x00000000080049e8       0x24 c:/st/stm32cubeide/plugins/com.st.stm32cube.ide.mcu.externaltools.gnu-tools-for-stm32.7-2018-q2-update.win32_1.5.0.202011040924/tools/bin/../lib/gcc/arm-none-eabi/7.3.1/../../../../arm-none-eabi/lib/thumb/v7-m\libc_nano.a(lib_a-writer.o)
                0x00000000080049e8                _write_r
 .text.__swsetup_r
                0x0000000008004a0c       0xdc c:/st/stm32cubeide/plugins/com.st.stm32cube.ide.mcu.externaltools.gnu-tools-for-stm32.7-2018-q2-update.win32_1.5.0.202011040924/tools/bin/../lib/gcc/arm-none-eabi/7.3.1/../../../../arm-none-eabi/lib/thumb/v7-m\libc_nano.a(lib_a-wsetup.o)
                0x0000000008004a0c                __swsetup_r
 .text._close_r
                0x0000000008004ae8       0x20 c:/st/stm32cubeide/plugins/com.st.stm32cube.ide.mcu.externaltools.gnu-tools-for-stm32.7-2018-q2-update.win32_1.5.0.202011040924/tools/bin/../lib/gcc/arm-none-eabi/7.3.1/../../../../arm-none-eabi/lib/thumb/v7-m\libc_nano.a(lib_a-closer.o)
                0x0000000008004ae8                _close_r
 .text.__sflush_r
                0x0000000008004b08      0x10c c:/st/stm32cubeide/plugins/com.st.stm32cube.ide.mcu.externaltools.gnu-tools-for-stm32.7-2018-q2-update.win32_1.5.0.202011040924/tools/bin/../lib/gcc/arm-none-eabi/7.3.1/../../../../arm-none-eabi/lib/thumb/v7-m\libc_nano.a(lib_a-fflush.o)
                0x0000000008004b08                __sflush_r
 .text._fflush_r
                0x0000000008004c14       0x54 c:/st/stm32cubeide/plugins/com.st.stm32cube.ide.mcu.externaltools.gnu-tools-for-stm32.7-2018-q2-update.win32_1.5.0.202011040924/tools/bin/../lib/gcc/arm-none-eabi/7.3.1/../../../../arm-none-eabi/lib/thumb/v7-m\libc_nano.a(lib_a-fflush.o)
                0x0000000008004c14                _fflush_r
 .text._lseek_r
                0x0000000008004c68       0x24 c:/st/stm32cubeide/plugins/com.st.stm32cube.ide.mcu.externaltools.gnu-tools-for-stm32.7-2018-q2-update.win32_1.5.0.202011040924/tools/bin/../lib/gcc/arm-none-eabi/7.3.1/../../../../arm-none-eabi/lib/thumb/v7-m\libc_nano.a(lib_a-lseekr.o)
                0x0000000008004c68                _lseek_r
 .text.__swhatbuf_r
                0x0000000008004c8c       0x48 c:/st/stm32cubeide/plugins/com.st.stm32cube.ide.mcu.externaltools.gnu-tools-for-stm32.7-2018-q2-update.win32_1.5.0.202011040924/tools/bin/../lib/gcc/arm-none-eabi/7.3.1/../../../../arm-none-eabi/lib/thumb/v7-m\libc_nano.a(lib_a-makebuf.o)
                0x0000000008004c8c                __swhatbuf_r
 .text.__smakebuf_r
                0x0000000008004cd4       0x80 c:/st/stm32cubeide/plugins/com.st.stm32cube.ide.mcu.externaltools.gnu-tools-for-stm32.7-2018-q2-update.win32_1.5.0.202011040924/tools/bin/../lib/gcc/arm-none-eabi/7.3.1/../../../../arm-none-eabi/lib/thumb/v7-m\libc_nano.a(lib_a-makebuf.o)
                0x0000000008004cd4                __smakebuf_r
 .text.memchr   0x0000000008004d54       0x1c c:/st/stm32cubeide/plugins/com.st.stm32cube.ide.mcu.externaltools.gnu-tools-for-stm32.7-2018-q2-update.win32_1.5.0.202011040924/tools/bin/../lib/gcc/arm-none-eabi/7.3.1/../../../../arm-none-eabi/lib/thumb/v7-m\libc_nano.a(lib_a-memchr-stub.o)
                0x0000000008004d54                memchr
 .text.__malloc_lock
                0x0000000008004d70        0x2 c:/st/stm32cubeide/plugins/com.st.stm32cube.ide.mcu.externaltools.gnu-tools-for-stm32.7-2018-q2-update.win32_1.5.0.202011040924/tools/bin/../lib/gcc/arm-none-eabi/7.3.1/../../../../arm-none-eabi/lib/thumb/v7-m\libc_nano.a(lib_a-mlock.o)
                0x0000000008004d70                __malloc_lock
 .text.__malloc_unlock
                0x0000000008004d72        0x2 c:/st/stm32cubeide/plugins/com.st.stm32cube.ide.mcu.externaltools.gnu-tools-for-stm32.7-2018-q2-update.win32_1.5.0.202011040924/tools/bin/../lib/gcc/arm-none-eabi/7.3.1/../../../../arm-none-eabi/lib/thumb/v7-m\libc_nano.a(lib_a-mlock.o)
                0x0000000008004d72                __malloc_unlock
 .text._free_r  0x0000000008004d74       0x98 c:/st/stm32cubeide/plugins/com.st.stm32cube.ide.mcu.externaltools.gnu-tools-for-stm32.7-2018-q2-update.win32_1.5.0.202011040924/tools/bin/../lib/gcc/arm-none-eabi/7.3.1/../../../../arm-none-eabi/lib/thumb/v7-m\libc_nano.a(lib_a-nano-freer.o)
                0x0000000008004d74                _free_r
 .text._read_r  0x0000000008004e0c       0x24 c:/st/stm32cubeide/plugins/com.st.stm32cube.ide.mcu.externaltools.gnu-tools-for-stm32.7-2018-q2-update.win32_1.5.0.202011040924/tools/bin/../lib/gcc/arm-none-eabi/7.3.1/../../../../arm-none-eabi/lib/thumb/v7-m\libc_nano.a(lib_a-readr.o)
                0x0000000008004e0c                _read_r
 .text._fstat_r
                0x0000000008004e30       0x24 c:/st/stm32cubeide/plugins/com.st.stm32cube.ide.mcu.externaltools.gnu-tools-for-stm32.7-2018-q2-update.win32_1.5.0.202011040924/tools/bin/../lib/gcc/arm-none-eabi/7.3.1/../../../../arm-none-eabi/lib/thumb/v7-m\libc_nano.a(lib_a-fstatr.o)
                0x0000000008004e30                _fstat_r
 .text._isatty_r
                0x0000000008004e54       0x20 c:/st/stm32cubeide/plugins/com.st.stm32cube.ide.mcu.externaltools.gnu-tools-for-stm32.7-2018-q2-update.win32_1.5.0.202011040924/tools/bin/../lib/gcc/arm-none-eabi/7.3.1/../../../../arm-none-eabi/lib/thumb/v7-m\libc_nano.a(lib_a-isattyr.o)
                0x0000000008004e54                _isatty_r
 *(.glue_7)
 .glue_7        0x0000000008004e74        0x0 linker stubs
 *(.glue_7t)
 .glue_7t       0x0000000008004e74        0x0 linker stubs
 *(.eh_frame)
 .eh_frame      0x0000000008004e74        0x0 c:/st/stm32cubeide/plugins/com.st.stm32cube.ide.mcu.externaltools.gnu-tools-for-stm32.7-2018-q2-update.win32_1.5.0.202011040924/tools/bin/../lib/gcc/arm-none-eabi/7.3.1/thumb/v7-m/crtbegin.o
 *(.init)
 .init          0x0000000008004e74        0x4 c:/st/stm32cubeide/plugins/com.st.stm32cube.ide.mcu.externaltools.gnu-tools-for-stm32.7-2018-q2-update.win32_1.5.0.202011040924/tools/bin/../lib/gcc/arm-none-eabi/7.3.1/thumb/v7-m/crti.o
                0x0000000008004e74                _init
 .init          0x0000000008004e78        0x8 c:/st/stm32cubeide/plugins/com.st.stm32cube.ide.mcu.externaltools.gnu-tools-for-stm32.7-2018-q2-update.win32_1.5.0.202011040924/tools/bin/../lib/gcc/arm-none-eabi/7.3.1/thumb/v7-m/crtn.o
 *(.fini)
 .fini          0x0000000008004e80        0x4 c:/st/stm32cubeide/plugins/com.st.stm32cube.ide.mcu.externaltools.gnu-tools-for-stm32.7-2018-q2-update.win32_1.5.0.202011040924/tools/bin/../lib/gcc/arm-none-eabi/7.3.1/thumb/v7-m/crti.o
                0x0000000008004e80                _fini
 .fini          0x0000000008004e84        0x8 c:/st/stm32cubeide/plugins/com.st.stm32cube.ide.mcu.externaltools.gnu-tools-for-stm32.7-2018-q2-update.win32_1.5.0.202011040924/tools/bin/../lib/gcc/arm-none-eabi/7.3.1/thumb/v7-m/crtn.o
                0x0000000008004e8c                . = ALIGN (0x4)
                0x0000000008004e8c                _etext = .

.vfp11_veneer   0x0000000008004e8c        0x0
 .vfp11_veneer  0x0000000008004e8c        0x0 linker stubs

.v4_bx          0x0000000008004e8c        0x0
 .v4_bx         0x0000000008004e8c        0x0 linker stubs

.iplt           0x0000000008004e8c        0x0
 .iplt          0x0000000008004e8c        0x0 c:/st/stm32cubeide/plugins/com.st.stm32cube.ide.mcu.externaltools.gnu-tools-for-stm32.7-2018-q2-update.win32_1.5.0.202011040924/tools/bin/../lib/gcc/arm-none-eabi/7.3.1/thumb/v7-m/crtbegin.o

.rodata         0x0000000008004e8c      0x3c0
                0x0000000008004e8c                . = ALIGN (0x4)
 *(.rodata)
 .rodata        0x0000000008004e8c       0x12 Drivers/STM32F1xx_HAL_Driver/Src/stm32f1xx_hal_rcc.o
 *fill*         0x0000000008004e9e        0x2 
 .rodata        0x0000000008004ea0       0x51 source/io_app_demo_canpie_test.o
 *(.rodata*)
 *fill*         0x0000000008004ef1        0x3 
 .rodata.AHBPrescTable
                0x0000000008004ef4       0x10 Src/system_stm32f1xx.o
                0x0000000008004ef4                AHBPrescTable
 .rodata.APBPrescTable
                0x0000000008004f04        0x8 Src/system_stm32f1xx.o
                0x0000000008004f04                APBPrescTable
 .rodata.hal_baudrate_timing_36mhz
                0x0000000008004f0c       0xb4 source/canpie-fd_device/stm32/hal/stm32_canpie-fd.o
 .rodata.hal_baudrate_timing_40mhz
                0x0000000008004fc0       0xa0 source/canpie-fd_device/stm32/hal/stm32_canpie-fd.o
 .rodata.hal_baudrate_timing_42mhz
                0x0000000008005060       0xa0 source/canpie-fd_device/stm32/hal/stm32_canpie-fd.o
 .rodata.hal_baudrate_timing_48mhz
                0x0000000008005100       0xb4 source/canpie-fd_device/stm32/hal/stm32_canpie-fd.o
 .rodata._global_impure_ptr
                0x00000000080051b4        0x4 c:/st/stm32cubeide/plugins/com.st.stm32cube.ide.mcu.externaltools.gnu-tools-for-stm32.7-2018-q2-update.win32_1.5.0.202011040924/tools/bin/../lib/gcc/arm-none-eabi/7.3.1/../../../../arm-none-eabi/lib/thumb/v7-m\libc_nano.a(lib_a-impure.o)
                0x00000000080051b4                _global_impure_ptr
 .rodata.__sf_fake_stderr
                0x00000000080051b8       0x20 c:/st/stm32cubeide/plugins/com.st.stm32cube.ide.mcu.externaltools.gnu-tools-for-stm32.7-2018-q2-update.win32_1.5.0.202011040924/tools/bin/../lib/gcc/arm-none-eabi/7.3.1/../../../../arm-none-eabi/lib/thumb/v7-m\libc_nano.a(lib_a-findfp.o)
                0x00000000080051b8                __sf_fake_stderr
 .rodata.__sf_fake_stdin
                0x00000000080051d8       0x20 c:/st/stm32cubeide/plugins/com.st.stm32cube.ide.mcu.externaltools.gnu-tools-for-stm32.7-2018-q2-update.win32_1.5.0.202011040924/tools/bin/../lib/gcc/arm-none-eabi/7.3.1/../../../../arm-none-eabi/lib/thumb/v7-m\libc_nano.a(lib_a-findfp.o)
                0x00000000080051d8                __sf_fake_stdin
 .rodata.__sf_fake_stdout
                0x00000000080051f8       0x20 c:/st/stm32cubeide/plugins/com.st.stm32cube.ide.mcu.externaltools.gnu-tools-for-stm32.7-2018-q2-update.win32_1.5.0.202011040924/tools/bin/../lib/gcc/arm-none-eabi/7.3.1/../../../../arm-none-eabi/lib/thumb/v7-m\libc_nano.a(lib_a-findfp.o)
                0x00000000080051f8                __sf_fake_stdout
 .rodata._vfprintf_r.str1.1
                0x0000000008005218       0x11 c:/st/stm32cubeide/plugins/com.st.stm32cube.ide.mcu.externaltools.gnu-tools-for-stm32.7-2018-q2-update.win32_1.5.0.202011040924/tools/bin/../lib/gcc/arm-none-eabi/7.3.1/../../../../arm-none-eabi/lib/thumb/v7-m\libc_nano.a(lib_a-nano-vfprintf.o)
 .rodata._printf_i.str1.1
                0x0000000008005229       0x22 c:/st/stm32cubeide/plugins/com.st.stm32cube.ide.mcu.externaltools.gnu-tools-for-stm32.7-2018-q2-update.win32_1.5.0.202011040924/tools/bin/../lib/gcc/arm-none-eabi/7.3.1/../../../../arm-none-eabi/lib/thumb/v7-m\libc_nano.a(lib_a-nano-vfprintf_i.o)
                0x000000000800524c                . = ALIGN (0x4)
 *fill*         0x000000000800524b        0x1 

.rel.dyn        0x000000000800524c        0x0
 .rel.iplt      0x000000000800524c        0x0 c:/st/stm32cubeide/plugins/com.st.stm32cube.ide.mcu.externaltools.gnu-tools-for-stm32.7-2018-q2-update.win32_1.5.0.202011040924/tools/bin/../lib/gcc/arm-none-eabi/7.3.1/thumb/v7-m/crtbegin.o

.ARM.extab      0x000000000800524c        0x0
                0x000000000800524c                . = ALIGN (0x4)
 *(.ARM.extab* .gnu.linkonce.armextab.*)
                0x000000000800524c                . = ALIGN (0x4)

.ARM            0x000000000800524c        0x0
                0x000000000800524c                . = ALIGN (0x4)
                0x000000000800524c                __exidx_start = .
 *(.ARM.exidx*)
                0x000000000800524c                __exidx_end = .
                0x000000000800524c                . = ALIGN (0x4)

.preinit_array  0x000000000800524c        0x0
                0x000000000800524c                . = ALIGN (0x4)
                0x000000000800524c                PROVIDE (__preinit_array_start = .)
 *(.preinit_array*)
                0x000000000800524c                PROVIDE (__preinit_array_end = .)
                0x000000000800524c                . = ALIGN (0x4)

.init_array     0x000000000800524c        0x4
                0x000000000800524c                . = ALIGN (0x4)
                0x000000000800524c                PROVIDE (__init_array_start = .)
 *(SORT_BY_NAME(.init_array.*))
 *(.init_array*)
 .init_array    0x000000000800524c        0x4 c:/st/stm32cubeide/plugins/com.st.stm32cube.ide.mcu.externaltools.gnu-tools-for-stm32.7-2018-q2-update.win32_1.5.0.202011040924/tools/bin/../lib/gcc/arm-none-eabi/7.3.1/thumb/v7-m/crtbegin.o
                0x0000000008005250                PROVIDE (__init_array_end = .)
                0x0000000008005250                . = ALIGN (0x4)

.fini_array     0x0000000008005250        0x4
                0x0000000008005250                . = ALIGN (0x4)
                [!provide]                        PROVIDE (__fini_array_start = .)
 *(SORT_BY_NAME(.fini_array.*))
 *(.fini_array*)
 .fini_array    0x0000000008005250        0x4 c:/st/stm32cubeide/plugins/com.st.stm32cube.ide.mcu.externaltools.gnu-tools-for-stm32.7-2018-q2-update.win32_1.5.0.202011040924/tools/bin/../lib/gcc/arm-none-eabi/7.3.1/thumb/v7-m/crtbegin.o
                [!provide]                        PROVIDE (__fini_array_end = .)
                0x0000000008005254                . = ALIGN (0x4)
                0x0000000008005254                _sidata = LOADADDR (.data)

.data           0x0000000020000000       0x70 load address 0x0000000008005254
                0x0000000020000000                . = ALIGN (0x4)
                0x0000000020000000                _sdata = .
 *(.data)
 *(.data*)
 .data.uwTickPrio
                0x0000000020000000        0x4 Drivers/STM32F1xx_HAL_Driver/Src/stm32f1xx_hal.o
                0x0000000020000000                uwTickPrio
 .data.uwTickFreq
                0x0000000020000004        0x1 Drivers/STM32F1xx_HAL_Driver/Src/stm32f1xx_hal.o
                0x0000000020000004                uwTickFreq
 *fill*         0x0000000020000005        0x3 
 .data.SystemCoreClock
                0x0000000020000008        0x4 Src/system_stm32f1xx.o
                0x0000000020000008                SystemCoreClock
 .data._impure_ptr
                0x000000002000000c        0x4 c:/st/stm32cubeide/plugins/com.st.stm32cube.ide.mcu.externaltools.gnu-tools-for-stm32.7-2018-q2-update.win32_1.5.0.202011040924/tools/bin/../lib/gcc/arm-none-eabi/7.3.1/../../../../arm-none-eabi/lib/thumb/v7-m\libc_nano.a(lib_a-impure.o)
                0x000000002000000c                _impure_ptr
 .data.impure_data
                0x0000000020000010       0x60 c:/st/stm32cubeide/plugins/com.st.stm32cube.ide.mcu.externaltools.gnu-tools-for-stm32.7-2018-q2-update.win32_1.5.0.202011040924/tools/bin/../lib/gcc/arm-none-eabi/7.3.1/../../../../arm-none-eabi/lib/thumb/v7-m\libc_nano.a(lib_a-impure.o)
                0x0000000020000070                . = ALIGN (0x4)
                0x0000000020000070                _edata = .

.igot.plt       0x0000000020000070        0x0 load address 0x00000000080052c4
 .igot.plt      0x0000000020000070        0x0 c:/st/stm32cubeide/plugins/com.st.stm32cube.ide.mcu.externaltools.gnu-tools-for-stm32.7-2018-q2-update.win32_1.5.0.202011040924/tools/bin/../lib/gcc/arm-none-eabi/7.3.1/thumb/v7-m/crtbegin.o
                0x0000000020000070                . = ALIGN (0x4)

.bss            0x0000000020000070      0x814 load address 0x00000000080052c4
                0x0000000020000070                _sbss = .
                0x0000000020000070                __bss_start__ = _sbss
 *(.bss)
 .bss           0x0000000020000070       0x1c c:/st/stm32cubeide/plugins/com.st.stm32cube.ide.mcu.externaltools.gnu-tools-for-stm32.7-2018-q2-update.win32_1.5.0.202011040924/tools/bin/../lib/gcc/arm-none-eabi/7.3.1/thumb/v7-m/crtbegin.o
 *(.bss*)
 .bss.timer.7409
                0x000000002000008c        0x4 Src/stm32f1xx_it.o
 .bss.heap_end.5149
                0x0000000020000090        0x4 Src/sysmem.o
 .bss.filter_to_cp_buffer
                0x0000000020000094        0xe source/canpie-fd_device/stm32/hal/stm32_canpie-fd.o
 *fill*         0x00000000200000a2        0x2 
 .bss.tx_mailbox_to_buffer
                0x00000000200000a4        0x3 source/canpie-fd_device/stm32/hal/stm32_canpie-fd.o
 *fill*         0x00000000200000a7        0x1 
 .bss.tx1_counter
                0x00000000200000a8        0x4 source/canpie-fd_device/stm32/hal/stm32_canpie-fd.o
 .bss.rx1_counter
                0x00000000200000ac        0x4 source/canpie-fd_device/stm32/hal/stm32_canpie-fd.o
 .bss.err1_counter
                0x00000000200000b0        0x4 source/canpie-fd_device/stm32/hal/stm32_canpie-fd.o
 *fill*         0x00000000200000b4        0x4 
 .bss.atsCan1MsgS
                0x00000000200000b8      0x300 source/canpie-fd_device/stm32/hal/stm32_canpie-fd.o
 .bss.aptsCan1FifoS
                0x00000000200003b8       0x80 source/canpie-fd_device/stm32/hal/stm32_canpie-fd.o
 .bss.aptsPortS
                0x0000000020000438        0x4 source/canpie-fd_device/stm32/hal/stm32_canpie-fd.o
 .bss.pfnRcvHandlerS
                0x000000002000043c        0x4 source/canpie-fd_device/stm32/hal/stm32_canpie-fd.o
 .bss.pfnTrmHandlerS
                0x0000000020000440        0x4 source/canpie-fd_device/stm32/hal/stm32_canpie-fd.o
 .bss.pfnErrHandlerS
                0x0000000020000444        0x4 source/canpie-fd_device/stm32/hal/stm32_canpie-fd.o
 .bss.fifo_number.7153
                0x0000000020000448        0x4 source/canpie-fd_device/stm32/hal/stm32_canpie-fd.o
 .bss.state.7196
                0x000000002000044c        0x4 source/canpie-fd_device/stm32/hal/stm32_canpie-fd.o
 .bss.__malloc_free_list
                0x0000000020000450        0x4 c:/st/stm32cubeide/plugins/com.st.stm32cube.ide.mcu.externaltools.gnu-tools-for-stm32.7-2018-q2-update.win32_1.5.0.202011040924/tools/bin/../lib/gcc/arm-none-eabi/7.3.1/../../../../arm-none-eabi/lib/thumb/v7-m\libc_nano.a(lib_a-nano-mallocr.o)
                0x0000000020000450                __malloc_free_list
 .bss.__malloc_sbrk_start
                0x0000000020000454        0x4 c:/st/stm32cubeide/plugins/com.st.stm32cube.ide.mcu.externaltools.gnu-tools-for-stm32.7-2018-q2-update.win32_1.5.0.202011040924/tools/bin/../lib/gcc/arm-none-eabi/7.3.1/../../../../arm-none-eabi/lib/thumb/v7-m\libc_nano.a(lib_a-nano-mallocr.o)
                0x0000000020000454                __malloc_sbrk_start
 *(COMMON)
 COMMON         0x0000000020000458        0x4 Drivers/STM32F1xx_HAL_Driver/Src/stm32f1xx_hal.o
                0x0000000020000458                uwTick
 COMMON         0x000000002000045c       0x28 Src/can.o
                0x000000002000045c                hcan
 COMMON         0x0000000020000484       0x80 Src/usart.o
                0x0000000020000484                huart1
                0x00000000200004c4                huart2
 *fill*         0x0000000020000504        0x4 
 COMMON         0x0000000020000508      0x378 source/io_app_demo_canpie_test.o
                0x0000000020000508                myMessage
                0x0000000020000520                rx_fifo
                0x0000000020000538                tsCanMsgReadT
                0x0000000020000550                tvResultT
                0x0000000020000554                ulMsgCntT
                0x0000000020000558                tx_fifo
                0x0000000020000570                rx_fifo_messages
                0x00000000200006f0                tx_fifo_messages
                0x0000000020000870                can_port_main
                0x0000000020000874                pclk
                0x0000000020000878                tx_data
 COMMON         0x0000000020000880        0x4 c:/st/stm32cubeide/plugins/com.st.stm32cube.ide.mcu.externaltools.gnu-tools-for-stm32.7-2018-q2-update.win32_1.5.0.202011040924/tools/bin/../lib/gcc/arm-none-eabi/7.3.1/../../../../arm-none-eabi/lib/thumb/v7-m\libc_nano.a(lib_a-reent.o)
                0x0000000020000880                errno
                0x0000000020000884                . = ALIGN (0x4)
                0x0000000020000884                _ebss = .
                0x0000000020000884                __bss_end__ = _ebss

._user_heap_stack
                0x0000000020000884      0x604 load address 0x00000000080052c4
                0x0000000020000888                . = ALIGN (0x8)
 *fill*         0x0000000020000884        0x4 
                0x0000000020000888                PROVIDE (end = .)
                [!provide]                        PROVIDE (_end = .)
                0x0000000020000a88                . = (. + _Min_Heap_Size)
 *fill*         0x0000000020000888      0x200 
                0x0000000020000e88                . = (. + _Min_Stack_Size)
 *fill*         0x0000000020000a88      0x400 
                0x0000000020000e88                . = ALIGN (0x8)

/DISCARD/
 libc.a(*)
 libm.a(*)
 libgcc.a(*)

.ARM.attributes
                0x0000000000000000       0x29
 *(.ARM.attributes)
 .ARM.attributes
                0x0000000000000000       0x1d c:/st/stm32cubeide/plugins/com.st.stm32cube.ide.mcu.externaltools.gnu-tools-for-stm32.7-2018-q2-update.win32_1.5.0.202011040924/tools/bin/../lib/gcc/arm-none-eabi/7.3.1/thumb/v7-m/crti.o
 .ARM.attributes
                0x000000000000001d       0x2d c:/st/stm32cubeide/plugins/com.st.stm32cube.ide.mcu.externaltools.gnu-tools-for-stm32.7-2018-q2-update.win32_1.5.0.202011040924/tools/bin/../lib/gcc/arm-none-eabi/7.3.1/thumb/v7-m/crtbegin.o
 .ARM.attributes
                0x000000000000004a       0x33 Drivers/STM32F1xx_HAL_Driver/Src/stm32f1xx_hal.o
 .ARM.attributes
                0x000000000000007d       0x33 Drivers/STM32F1xx_HAL_Driver/Src/stm32f1xx_hal_can.o
 .ARM.attributes
                0x00000000000000b0       0x33 Drivers/STM32F1xx_HAL_Driver/Src/stm32f1xx_hal_cortex.o
 .ARM.attributes
                0x00000000000000e3       0x33 Drivers/STM32F1xx_HAL_Driver/Src/stm32f1xx_hal_gpio.o
 .ARM.attributes
                0x0000000000000116       0x33 Drivers/STM32F1xx_HAL_Driver/Src/stm32f1xx_hal_rcc.o
 .ARM.attributes
                0x0000000000000149       0x33 Drivers/STM32F1xx_HAL_Driver/Src/stm32f1xx_hal_uart.o
 .ARM.attributes
                0x000000000000017c       0x33 Src/can.o
 .ARM.attributes
                0x00000000000001af       0x33 Src/gpio.o
 .ARM.attributes
                0x00000000000001e2       0x33 Src/main.o
 .ARM.attributes
                0x0000000000000215       0x33 Src/stm32f1xx_hal_msp.o
 .ARM.attributes
                0x0000000000000248       0x33 Src/stm32f1xx_it.o
 .ARM.attributes
                0x000000000000027b       0x33 Src/syscalls.o
 .ARM.attributes
                0x00000000000002ae       0x33 Src/sysmem.o
 .ARM.attributes
                0x00000000000002e1       0x33 Src/system_stm32f1xx.o
 .ARM.attributes
                0x0000000000000314       0x33 Src/usart.o
 .ARM.attributes
                0x0000000000000347       0x21 Startup/startup_stm32f103rbtx.o
 .ARM.attributes
                0x0000000000000368       0x33 source/canpie/source/canpie-fd/cp_fifo.o
 .ARM.attributes
                0x000000000000039b       0x33 source/canpie/source/canpie-fd/cp_msg.o
 .ARM.attributes
                0x00000000000003ce       0x33 source/canpie-fd_device/stm32/hal/stm32_canpie-fd.o
 .ARM.attributes
                0x0000000000000401       0x33 source/io_app_demo_canpie_test.o
 .ARM.attributes
                0x0000000000000434       0x2d c:/st/stm32cubeide/plugins/com.st.stm32cube.ide.mcu.externaltools.gnu-tools-for-stm32.7-2018-q2-update.win32_1.5.0.202011040924/tools/bin/../lib/gcc/arm-none-eabi/7.3.1/../../../../arm-none-eabi/lib/thumb/v7-m\libc_nano.a(lib_a-errno.o)
 .ARM.attributes
                0x0000000000000461       0x2d c:/st/stm32cubeide/plugins/com.st.stm32cube.ide.mcu.externaltools.gnu-tools-for-stm32.7-2018-q2-update.win32_1.5.0.202011040924/tools/bin/../lib/gcc/arm-none-eabi/7.3.1/../../../../arm-none-eabi/lib/thumb/v7-m\libc_nano.a(lib_a-impure.o)
 .ARM.attributes
                0x000000000000048e       0x2d c:/st/stm32cubeide/plugins/com.st.stm32cube.ide.mcu.externaltools.gnu-tools-for-stm32.7-2018-q2-update.win32_1.5.0.202011040924/tools/bin/../lib/gcc/arm-none-eabi/7.3.1/../../../../arm-none-eabi/lib/thumb/v7-m\libc_nano.a(lib_a-init.o)
 .ARM.attributes
                0x00000000000004bb       0x2d c:/st/stm32cubeide/plugins/com.st.stm32cube.ide.mcu.externaltools.gnu-tools-for-stm32.7-2018-q2-update.win32_1.5.0.202011040924/tools/bin/../lib/gcc/arm-none-eabi/7.3.1/../../../../arm-none-eabi/lib/thumb/v7-m\libc_nano.a(lib_a-memcpy-stub.o)
 .ARM.attributes
                0x00000000000004e8       0x2d c:/st/stm32cubeide/plugins/com.st.stm32cube.ide.mcu.externaltools.gnu-tools-for-stm32.7-2018-q2-update.win32_1.5.0.202011040924/tools/bin/../lib/gcc/arm-none-eabi/7.3.1/../../../../arm-none-eabi/lib/thumb/v7-m\libc_nano.a(lib_a-memset.o)
 .ARM.attributes
                0x0000000000000515       0x2d c:/st/stm32cubeide/plugins/com.st.stm32cube.ide.mcu.externaltools.gnu-tools-for-stm32.7-2018-q2-update.win32_1.5.0.202011040924/tools/bin/../lib/gcc/arm-none-eabi/7.3.1/../../../../arm-none-eabi/lib/thumb/v7-m\libc_nano.a(lib_a-printf.o)
 .ARM.attributes
                0x0000000000000542       0x2d c:/st/stm32cubeide/plugins/com.st.stm32cube.ide.mcu.externaltools.gnu-tools-for-stm32.7-2018-q2-update.win32_1.5.0.202011040924/tools/bin/../lib/gcc/arm-none-eabi/7.3.1/../../../../arm-none-eabi/lib/thumb/v7-m\libc_nano.a(lib_a-findfp.o)
 .ARM.attributes
                0x000000000000056f       0x2d c:/st/stm32cubeide/plugins/com.st.stm32cube.ide.mcu.externaltools.gnu-tools-for-stm32.7-2018-q2-update.win32_1.5.0.202011040924/tools/bin/../lib/gcc/arm-none-eabi/7.3.1/../../../../arm-none-eabi/lib/thumb/v7-m\libc_nano.a(lib_a-fwalk.o)
 .ARM.attributes
                0x000000000000059c       0x2d c:/st/stm32cubeide/plugins/com.st.stm32cube.ide.mcu.externaltools.gnu-tools-for-stm32.7-2018-q2-update.win32_1.5.0.202011040924/tools/bin/../lib/gcc/arm-none-eabi/7.3.1/../../../../arm-none-eabi/lib/thumb/v7-m\libc_nano.a(lib_a-nano-mallocr.o)
 .ARM.attributes
                0x00000000000005c9       0x2d c:/st/stm32cubeide/plugins/com.st.stm32cube.ide.mcu.externaltools.gnu-tools-for-stm32.7-2018-q2-update.win32_1.5.0.202011040924/tools/bin/../lib/gcc/arm-none-eabi/7.3.1/../../../../arm-none-eabi/lib/thumb/v7-m\libc_nano.a(lib_a-nano-vfprintf.o)
 .ARM.attributes
                0x00000000000005f6       0x2d c:/st/stm32cubeide/plugins/com.st.stm32cube.ide.mcu.externaltools.gnu-tools-for-stm32.7-2018-q2-update.win32_1.5.0.202011040924/tools/bin/../lib/gcc/arm-none-eabi/7.3.1/../../../../arm-none-eabi/lib/thumb/v7-m\libc_nano.a(lib_a-nano-vfprintf_i.o)
 .ARM.attributes
                0x0000000000000623       0x2d c:/st/stm32cubeide/plugins/com.st.stm32cube.ide.mcu.externaltools.gnu-tools-for-stm32.7-2018-q2-update.win32_1.5.0.202011040924/tools/bin/../lib/gcc/arm-none-eabi/7.3.1/../../../../arm-none-eabi/lib/thumb/v7-m\libc_nano.a(lib_a-sbrkr.o)
 .ARM.attributes
                0x0000000000000650       0x2d c:/st/stm32cubeide/plugins/com.st.stm32cube.ide.mcu.externaltools.gnu-tools-for-stm32.7-2018-q2-update.win32_1.5.0.202011040924/tools/bin/../lib/gcc/arm-none-eabi/7.3.1/../../../../arm-none-eabi/lib/thumb/v7-m\libc_nano.a(lib_a-stdio.o)
 .ARM.attributes
                0x000000000000067d       0x2d c:/st/stm32cubeide/plugins/com.st.stm32cube.ide.mcu.externaltools.gnu-tools-for-stm32.7-2018-q2-update.win32_1.5.0.202011040924/tools/bin/../lib/gcc/arm-none-eabi/7.3.1/../../../../arm-none-eabi/lib/thumb/v7-m\libc_nano.a(lib_a-wbuf.o)
 .ARM.attributes
                0x00000000000006aa       0x2d c:/st/stm32cubeide/plugins/com.st.stm32cube.ide.mcu.externaltools.gnu-tools-for-stm32.7-2018-q2-update.win32_1.5.0.202011040924/tools/bin/../lib/gcc/arm-none-eabi/7.3.1/../../../../arm-none-eabi/lib/thumb/v7-m\libc_nano.a(lib_a-writer.o)
 .ARM.attributes
                0x00000000000006d7       0x2d c:/st/stm32cubeide/plugins/com.st.stm32cube.ide.mcu.externaltools.gnu-tools-for-stm32.7-2018-q2-update.win32_1.5.0.202011040924/tools/bin/../lib/gcc/arm-none-eabi/7.3.1/../../../../arm-none-eabi/lib/thumb/v7-m\libc_nano.a(lib_a-wsetup.o)
 .ARM.attributes
                0x0000000000000704       0x2d c:/st/stm32cubeide/plugins/com.st.stm32cube.ide.mcu.externaltools.gnu-tools-for-stm32.7-2018-q2-update.win32_1.5.0.202011040924/tools/bin/../lib/gcc/arm-none-eabi/7.3.1/../../../../arm-none-eabi/lib/thumb/v7-m\libc_nano.a(lib_a-closer.o)
 .ARM.attributes
                0x0000000000000731       0x2d c:/st/stm32cubeide/plugins/com.st.stm32cube.ide.mcu.externaltools.gnu-tools-for-stm32.7-2018-q2-update.win32_1.5.0.202011040924/tools/bin/../lib/gcc/arm-none-eabi/7.3.1/../../../../arm-none-eabi/lib/thumb/v7-m\libc_nano.a(lib_a-fflush.o)
 .ARM.attributes
                0x000000000000075e       0x2d c:/st/stm32cubeide/plugins/com.st.stm32cube.ide.mcu.externaltools.gnu-tools-for-stm32.7-2018-q2-update.win32_1.5.0.202011040924/tools/bin/../lib/gcc/arm-none-eabi/7.3.1/../../../../arm-none-eabi/lib/thumb/v7-m\libc_nano.a(lib_a-lseekr.o)
 .ARM.attributes
                0x000000000000078b       0x2d c:/st/stm32cubeide/plugins/com.st.stm32cube.ide.mcu.externaltools.gnu-tools-for-stm32.7-2018-q2-update.win32_1.5.0.202011040924/tools/bin/../lib/gcc/arm-none-eabi/7.3.1/../../../../arm-none-eabi/lib/thumb/v7-m\libc_nano.a(lib_a-makebuf.o)
 .ARM.attributes
                0x00000000000007b8       0x2d c:/st/stm32cubeide/plugins/com.st.stm32cube.ide.mcu.externaltools.gnu-tools-for-stm32.7-2018-q2-update.win32_1.5.0.202011040924/tools/bin/../lib/gcc/arm-none-eabi/7.3.1/../../../../arm-none-eabi/lib/thumb/v7-m\libc_nano.a(lib_a-memchr-stub.o)
 .ARM.attributes
                0x00000000000007e5       0x2d c:/st/stm32cubeide/plugins/com.st.stm32cube.ide.mcu.externaltools.gnu-tools-for-stm32.7-2018-q2-update.win32_1.5.0.202011040924/tools/bin/../lib/gcc/arm-none-eabi/7.3.1/../../../../arm-none-eabi/lib/thumb/v7-m\libc_nano.a(lib_a-mlock.o)
 .ARM.attributes
                0x0000000000000812       0x2d c:/st/stm32cubeide/plugins/com.st.stm32cube.ide.mcu.externaltools.gnu-tools-for-stm32.7-2018-q2-update.win32_1.5.0.202011040924/tools/bin/../lib/gcc/arm-none-eabi/7.3.1/../../../../arm-none-eabi/lib/thumb/v7-m\libc_nano.a(lib_a-nano-freer.o)
 .ARM.attributes
                0x000000000000083f       0x2d c:/st/stm32cubeide/plugins/com.st.stm32cube.ide.mcu.externaltools.gnu-tools-for-stm32.7-2018-q2-update.win32_1.5.0.202011040924/tools/bin/../lib/gcc/arm-none-eabi/7.3.1/../../../../arm-none-eabi/lib/thumb/v7-m\libc_nano.a(lib_a-readr.o)
 .ARM.attributes
                0x000000000000086c       0x2d c:/st/stm32cubeide/plugins/com.st.stm32cube.ide.mcu.externaltools.gnu-tools-for-stm32.7-2018-q2-update.win32_1.5.0.202011040924/tools/bin/../lib/gcc/arm-none-eabi/7.3.1/../../../../arm-none-eabi/lib/thumb/v7-m\libc_nano.a(lib_a-reent.o)
 .ARM.attributes
                0x0000000000000899       0x2d c:/st/stm32cubeide/plugins/com.st.stm32cube.ide.mcu.externaltools.gnu-tools-for-stm32.7-2018-q2-update.win32_1.5.0.202011040924/tools/bin/../lib/gcc/arm-none-eabi/7.3.1/../../../../arm-none-eabi/lib/thumb/v7-m\libc_nano.a(lib_a-fstatr.o)
 .ARM.attributes
                0x00000000000008c6       0x2d c:/st/stm32cubeide/plugins/com.st.stm32cube.ide.mcu.externaltools.gnu-tools-for-stm32.7-2018-q2-update.win32_1.5.0.202011040924/tools/bin/../lib/gcc/arm-none-eabi/7.3.1/../../../../arm-none-eabi/lib/thumb/v7-m\libc_nano.a(lib_a-isattyr.o)
 .ARM.attributes
                0x00000000000008f3       0x1d c:/st/stm32cubeide/plugins/com.st.stm32cube.ide.mcu.externaltools.gnu-tools-for-stm32.7-2018-q2-update.win32_1.5.0.202011040924/tools/bin/../lib/gcc/arm-none-eabi/7.3.1/thumb/v7-m/crtn.o
OUTPUT(li_can_slv_demo_stm32_nucleo_f103rb_canpie_test.elf elf32-littlearm)

.debug_info     0x0000000000000000     0xee5f
 .debug_info    0x0000000000000000      0x6fe Drivers/STM32F1xx_HAL_Driver/Src/stm32f1xx_hal.o
 .debug_info    0x00000000000006fe      0xf92 Drivers/STM32F1xx_HAL_Driver/Src/stm32f1xx_hal_can.o
 .debug_info    0x0000000000001690      0xb46 Drivers/STM32F1xx_HAL_Driver/Src/stm32f1xx_hal_cortex.o
 .debug_info    0x00000000000021d6      0x681 Drivers/STM32F1xx_HAL_Driver/Src/stm32f1xx_hal_gpio.o
 .debug_info    0x0000000000002857      0x804 Drivers/STM32F1xx_HAL_Driver/Src/stm32f1xx_hal_rcc.o
 .debug_info    0x000000000000305b     0x11e3 Drivers/STM32F1xx_HAL_Driver/Src/stm32f1xx_hal_uart.o
 .debug_info    0x000000000000423e      0x906 Src/can.o
 .debug_info    0x0000000000004b44      0x4b4 Src/gpio.o
 .debug_info    0x0000000000004ff8     0x1c82 Src/main.o
 .debug_info    0x0000000000006c7a      0x2cb Src/stm32f1xx_hal_msp.o
 .debug_info    0x0000000000006f45     0x14d9 Src/stm32f1xx_it.o
 .debug_info    0x000000000000841e      0xebd Src/syscalls.o
 .debug_info    0x00000000000092db      0x91c Src/sysmem.o
 .debug_info    0x0000000000009bf7      0x437 Src/system_stm32f1xx.o
 .debug_info    0x000000000000a02e      0x809 Src/usart.o
 .debug_info    0x000000000000a837       0x22 Startup/startup_stm32f103rbtx.o
 .debug_info    0x000000000000a859      0x3c3 source/canpie/source/canpie-fd/cp_fifo.o
 .debug_info    0x000000000000ac1c      0x9e7 source/canpie/source/canpie-fd/cp_msg.o
 .debug_info    0x000000000000b603     0x229e source/canpie-fd_device/stm32/hal/stm32_canpie-fd.o
 .debug_info    0x000000000000d8a1     0x15be source/io_app_demo_canpie_test.o

.debug_abbrev   0x0000000000000000     0x24c8
 .debug_abbrev  0x0000000000000000      0x1d8 Drivers/STM32F1xx_HAL_Driver/Src/stm32f1xx_hal.o
 .debug_abbrev  0x00000000000001d8      0x20e Drivers/STM32F1xx_HAL_Driver/Src/stm32f1xx_hal_can.o
 .debug_abbrev  0x00000000000003e6      0x2d5 Drivers/STM32F1xx_HAL_Driver/Src/stm32f1xx_hal_cortex.o
 .debug_abbrev  0x00000000000006bb      0x1c0 Drivers/STM32F1xx_HAL_Driver/Src/stm32f1xx_hal_gpio.o
 .debug_abbrev  0x000000000000087b      0x243 Drivers/STM32F1xx_HAL_Driver/Src/stm32f1xx_hal_rcc.o
 .debug_abbrev  0x0000000000000abe      0x242 Drivers/STM32F1xx_HAL_Driver/Src/stm32f1xx_hal_uart.o
 .debug_abbrev  0x0000000000000d00      0x1c5 Src/can.o
 .debug_abbrev  0x0000000000000ec5      0x13d Src/gpio.o
 .debug_abbrev  0x0000000000001002      0x268 Src/main.o
 .debug_abbrev  0x000000000000126a      0x109 Src/stm32f1xx_hal_msp.o
 .debug_abbrev  0x0000000000001373      0x214 Src/stm32f1xx_it.o
 .debug_abbrev  0x0000000000001587      0x261 Src/syscalls.o
 .debug_abbrev  0x00000000000017e8      0x1bb Src/sysmem.o
 .debug_abbrev  0x00000000000019a3      0x134 Src/system_stm32f1xx.o
 .debug_abbrev  0x0000000000001ad7      0x199 Src/usart.o
 .debug_abbrev  0x0000000000001c70       0x12 Startup/startup_stm32f103rbtx.o
 .debug_abbrev  0x0000000000001c82      0x126 source/canpie/source/canpie-fd/cp_fifo.o
 .debug_abbrev  0x0000000000001da8      0x186 source/canpie/source/canpie-fd/cp_msg.o
 .debug_abbrev  0x0000000000001f2e      0x2f8 source/canpie-fd_device/stm32/hal/stm32_canpie-fd.o
 .debug_abbrev  0x0000000000002226      0x2a2 source/io_app_demo_canpie_test.o

.debug_aranges  0x0000000000000000      0xb18
 .debug_aranges
                0x0000000000000000       0xe0 Drivers/STM32F1xx_HAL_Driver/Src/stm32f1xx_hal.o
 .debug_aranges
                0x00000000000000e0      0x138 Drivers/STM32F1xx_HAL_Driver/Src/stm32f1xx_hal_can.o
 .debug_aranges
                0x0000000000000218      0x100 Drivers/STM32F1xx_HAL_Driver/Src/stm32f1xx_hal_cortex.o
 .debug_aranges
                0x0000000000000318       0x58 Drivers/STM32F1xx_HAL_Driver/Src/stm32f1xx_hal_gpio.o
 .debug_aranges
                0x0000000000000370       0x90 Drivers/STM32F1xx_HAL_Driver/Src/stm32f1xx_hal_rcc.o
 .debug_aranges
                0x0000000000000400      0x1d0 Drivers/STM32F1xx_HAL_Driver/Src/stm32f1xx_hal_uart.o
 .debug_aranges
                0x00000000000005d0       0x30 Src/can.o
 .debug_aranges
                0x0000000000000600       0x20 Src/gpio.o
 .debug_aranges
                0x0000000000000620       0x40 Src/main.o
 .debug_aranges
                0x0000000000000660       0x20 Src/stm32f1xx_hal_msp.o
 .debug_aranges
                0x0000000000000680       0x78 Src/stm32f1xx_it.o
 .debug_aranges
                0x00000000000006f8       0xa8 Src/syscalls.o
 .debug_aranges
                0x00000000000007a0       0x20 Src/sysmem.o
 .debug_aranges
                0x00000000000007c0       0x28 Src/system_stm32f1xx.o
 .debug_aranges
                0x00000000000007e8       0x38 Src/usart.o
 .debug_aranges
                0x0000000000000820       0x28 Startup/startup_stm32f103rbtx.o
 .debug_aranges
                0x0000000000000848       0x60 source/canpie/source/canpie-fd/cp_fifo.o
 .debug_aranges
                0x00000000000008a8      0x120 source/canpie/source/canpie-fd/cp_msg.o
 .debug_aranges
                0x00000000000009c8      0x100 source/canpie-fd_device/stm32/hal/stm32_canpie-fd.o
 .debug_aranges
                0x0000000000000ac8       0x50 source/io_app_demo_canpie_test.o

.debug_ranges   0x0000000000000000      0x9e0
 .debug_ranges  0x0000000000000000       0xd0 Drivers/STM32F1xx_HAL_Driver/Src/stm32f1xx_hal.o
 .debug_ranges  0x00000000000000d0      0x128 Drivers/STM32F1xx_HAL_Driver/Src/stm32f1xx_hal_can.o
 .debug_ranges  0x00000000000001f8       0xf0 Drivers/STM32F1xx_HAL_Driver/Src/stm32f1xx_hal_cortex.o
 .debug_ranges  0x00000000000002e8       0x48 Drivers/STM32F1xx_HAL_Driver/Src/stm32f1xx_hal_gpio.o
 .debug_ranges  0x0000000000000330       0x80 Drivers/STM32F1xx_HAL_Driver/Src/stm32f1xx_hal_rcc.o
 .debug_ranges  0x00000000000003b0      0x1c0 Drivers/STM32F1xx_HAL_Driver/Src/stm32f1xx_hal_uart.o
 .debug_ranges  0x0000000000000570       0x20 Src/can.o
 .debug_ranges  0x0000000000000590       0x10 Src/gpio.o
 .debug_ranges  0x00000000000005a0       0x30 Src/main.o
 .debug_ranges  0x00000000000005d0       0x10 Src/stm32f1xx_hal_msp.o
 .debug_ranges  0x00000000000005e0       0x68 Src/stm32f1xx_it.o
 .debug_ranges  0x0000000000000648       0x98 Src/syscalls.o
 .debug_ranges  0x00000000000006e0       0x10 Src/sysmem.o
 .debug_ranges  0x00000000000006f0       0x18 Src/system_stm32f1xx.o
 .debug_ranges  0x0000000000000708       0x28 Src/usart.o
 .debug_ranges  0x0000000000000730       0x20 Startup/startup_stm32f103rbtx.o
 .debug_ranges  0x0000000000000750       0x50 source/canpie/source/canpie-fd/cp_fifo.o
 .debug_ranges  0x00000000000007a0      0x110 source/canpie/source/canpie-fd/cp_msg.o
 .debug_ranges  0x00000000000008b0       0xf0 source/canpie-fd_device/stm32/hal/stm32_canpie-fd.o
 .debug_ranges  0x00000000000009a0       0x40 source/io_app_demo_canpie_test.o

.debug_macro    0x0000000000000000    0x17660
 .debug_macro   0x0000000000000000      0x1c8 Drivers/STM32F1xx_HAL_Driver/Src/stm32f1xx_hal.o
 .debug_macro   0x00000000000001c8      0xa5a Drivers/STM32F1xx_HAL_Driver/Src/stm32f1xx_hal.o
 .debug_macro   0x0000000000000c22      0x221 Drivers/STM32F1xx_HAL_Driver/Src/stm32f1xx_hal.o
 .debug_macro   0x0000000000000e43       0x2e Drivers/STM32F1xx_HAL_Driver/Src/stm32f1xx_hal.o
 .debug_macro   0x0000000000000e71       0x22 Drivers/STM32F1xx_HAL_Driver/Src/stm32f1xx_hal.o
 .debug_macro   0x0000000000000e93       0x22 Drivers/STM32F1xx_HAL_Driver/Src/stm32f1xx_hal.o
 .debug_macro   0x0000000000000eb5       0x8e Drivers/STM32F1xx_HAL_Driver/Src/stm32f1xx_hal.o
 .debug_macro   0x0000000000000f43       0x51 Drivers/STM32F1xx_HAL_Driver/Src/stm32f1xx_hal.o
 .debug_macro   0x0000000000000f94       0xef Drivers/STM32F1xx_HAL_Driver/Src/stm32f1xx_hal.o
 .debug_macro   0x0000000000001083       0x6a Drivers/STM32F1xx_HAL_Driver/Src/stm32f1xx_hal.o
 .debug_macro   0x00000000000010ed      0x1df Drivers/STM32F1xx_HAL_Driver/Src/stm32f1xx_hal.o
 .debug_macro   0x00000000000012cc       0x1c Drivers/STM32F1xx_HAL_Driver/Src/stm32f1xx_hal.o
 .debug_macro   0x00000000000012e8       0x22 Drivers/STM32F1xx_HAL_Driver/Src/stm32f1xx_hal.o
 .debug_macro   0x000000000000130a       0xc3 Drivers/STM32F1xx_HAL_Driver/Src/stm32f1xx_hal.o
 .debug_macro   0x00000000000013cd      0xd23 Drivers/STM32F1xx_HAL_Driver/Src/stm32f1xx_hal.o
 .debug_macro   0x00000000000020f0     0xe09e Drivers/STM32F1xx_HAL_Driver/Src/stm32f1xx_hal.o
 .debug_macro   0x000000000001018e       0x43 Drivers/STM32F1xx_HAL_Driver/Src/stm32f1xx_hal.o
 .debug_macro   0x00000000000101d1      0x174 Drivers/STM32F1xx_HAL_Driver/Src/stm32f1xx_hal.o
 .debug_macro   0x0000000000010345       0x5a Drivers/STM32F1xx_HAL_Driver/Src/stm32f1xx_hal.o
 .debug_macro   0x000000000001039f      0x5be Drivers/STM32F1xx_HAL_Driver/Src/stm32f1xx_hal.o
 .debug_macro   0x000000000001095d      0x289 Drivers/STM32F1xx_HAL_Driver/Src/stm32f1xx_hal.o
 .debug_macro   0x0000000000010be6      0x1cb Drivers/STM32F1xx_HAL_Driver/Src/stm32f1xx_hal.o
 .debug_macro   0x0000000000010db1      0x114 Drivers/STM32F1xx_HAL_Driver/Src/stm32f1xx_hal.o
 .debug_macro   0x0000000000010ec5      0x1b2 Drivers/STM32F1xx_HAL_Driver/Src/stm32f1xx_hal.o
 .debug_macro   0x0000000000011077       0x27 Drivers/STM32F1xx_HAL_Driver/Src/stm32f1xx_hal.o
 .debug_macro   0x000000000001109e      0x136 Drivers/STM32F1xx_HAL_Driver/Src/stm32f1xx_hal.o
 .debug_macro   0x00000000000111d4      0x1bc Drivers/STM32F1xx_HAL_Driver/Src/stm32f1xx_hal.o
 .debug_macro   0x0000000000011390       0x34 Drivers/STM32F1xx_HAL_Driver/Src/stm32f1xx_hal.o
 .debug_macro   0x00000000000113c4       0x3c Drivers/STM32F1xx_HAL_Driver/Src/stm32f1xx_hal.o
 .debug_macro   0x0000000000011400      0x408 Drivers/STM32F1xx_HAL_Driver/Src/stm32f1xx_hal.o
 .debug_macro   0x0000000000011808       0x57 Drivers/STM32F1xx_HAL_Driver/Src/stm32f1xx_hal.o
 .debug_macro   0x000000000001185f       0x88 Drivers/STM32F1xx_HAL_Driver/Src/stm32f1xx_hal.o
 .debug_macro   0x00000000000118e7      0x241 Drivers/STM32F1xx_HAL_Driver/Src/stm32f1xx_hal.o
 .debug_macro   0x0000000000011b28      0x141 Drivers/STM32F1xx_HAL_Driver/Src/stm32f1xx_hal.o
 .debug_macro   0x0000000000011c69      0x88b Drivers/STM32F1xx_HAL_Driver/Src/stm32f1xx_hal.o
 .debug_macro   0x00000000000124f4      0x26b Drivers/STM32F1xx_HAL_Driver/Src/stm32f1xx_hal.o
 .debug_macro   0x000000000001275f       0x83 Drivers/STM32F1xx_HAL_Driver/Src/stm32f1xx_hal.o
 .debug_macro   0x00000000000127e2      0x1ac Drivers/STM32F1xx_HAL_Driver/Src/stm32f1xx_hal_can.o
 .debug_macro   0x000000000001298e      0x1a4 Drivers/STM32F1xx_HAL_Driver/Src/stm32f1xx_hal_cortex.o
 .debug_macro   0x0000000000012b32      0x20f Drivers/STM32F1xx_HAL_Driver/Src/stm32f1xx_hal_gpio.o
 .debug_macro   0x0000000000012d41      0x1b6 Drivers/STM32F1xx_HAL_Driver/Src/stm32f1xx_hal_rcc.o
 .debug_macro   0x0000000000012ef7      0x1a5 Drivers/STM32F1xx_HAL_Driver/Src/stm32f1xx_hal_uart.o
 .debug_macro   0x000000000001309c      0x1bd Src/can.o
 .debug_macro   0x0000000000013259       0x5e Src/can.o
 .debug_macro   0x00000000000132b7      0x1bd Src/gpio.o
 .debug_macro   0x0000000000013474      0x47f Src/main.o
 .debug_macro   0x00000000000138f3       0x1c Src/main.o
 .debug_macro   0x000000000001390f       0x40 Src/main.o
 .debug_macro   0x000000000001394f       0x5b Src/main.o
 .debug_macro   0x00000000000139aa       0x18 Src/main.o
 .debug_macro   0x00000000000139c2       0x22 Src/main.o
 .debug_macro   0x00000000000139e4       0x3c Src/main.o
 .debug_macro   0x0000000000013a20       0x4c Src/main.o
 .debug_macro   0x0000000000013a6c       0x7b Src/main.o
 .debug_macro   0x0000000000013ae7       0x12 Src/main.o
 .debug_macro   0x0000000000013af9       0x34 Src/main.o
 .debug_macro   0x0000000000013b2d      0x1ba Src/main.o
 .debug_macro   0x0000000000013ce7      0x1a5 Src/main.o
 .debug_macro   0x0000000000013e8c       0xb8 Src/main.o
 .debug_macro   0x0000000000013f44      0x3de Src/main.o
 .debug_macro   0x0000000000014322       0x76 Src/main.o
 .debug_macro   0x0000000000014398       0x9a Src/main.o
 .debug_macro   0x0000000000014432       0x16 Src/main.o
 .debug_macro   0x0000000000014448       0x2e Src/main.o
 .debug_macro   0x0000000000014476       0x98 Src/main.o
 .debug_macro   0x000000000001450e       0xe2 Src/main.o
 .debug_macro   0x00000000000145f0       0x16 Src/main.o
 .debug_macro   0x0000000000014606       0x10 Src/main.o
 .debug_macro   0x0000000000014616       0x22 Src/main.o
 .debug_macro   0x0000000000014638       0x4c Src/main.o
 .debug_macro   0x0000000000014684       0x16 Src/main.o
 .debug_macro   0x000000000001469a       0x10 Src/main.o
 .debug_macro   0x00000000000146aa       0x16 Src/main.o
 .debug_macro   0x00000000000146c0       0x46 Src/main.o
 .debug_macro   0x0000000000014706       0x18 Src/main.o
 .debug_macro   0x000000000001471e       0x3c Src/main.o
 .debug_macro   0x000000000001475a       0x34 Src/main.o
 .debug_macro   0x000000000001478e       0x52 Src/main.o
 .debug_macro   0x00000000000147e0       0x1f Src/main.o
 .debug_macro   0x00000000000147ff       0x43 Src/main.o
 .debug_macro   0x0000000000014842       0x20 Src/main.o
 .debug_macro   0x0000000000014862      0x1a3 Src/main.o
 .debug_macro   0x0000000000014a05      0x32a Src/main.o
 .debug_macro   0x0000000000014d2f       0x10 Src/main.o
 .debug_macro   0x0000000000014d3f       0x35 Src/main.o
 .debug_macro   0x0000000000014d74       0x20 Src/main.o
 .debug_macro   0x0000000000014d94       0x94 Src/main.o
 .debug_macro   0x0000000000014e28       0x28 Src/main.o
 .debug_macro   0x0000000000014e50      0x1b3 Src/stm32f1xx_hal_msp.o
 .debug_macro   0x0000000000015003      0x45d Src/stm32f1xx_it.o
 .debug_macro   0x0000000000015460      0x243 Src/syscalls.o
 .debug_macro   0x00000000000156a3       0x40 Src/syscalls.o
 .debug_macro   0x00000000000156e3       0x94 Src/syscalls.o
 .debug_macro   0x0000000000015777       0x57 Src/syscalls.o
 .debug_macro   0x00000000000157ce      0x330 Src/syscalls.o
 .debug_macro   0x0000000000015afe       0x10 Src/syscalls.o
 .debug_macro   0x0000000000015b0e       0x10 Src/syscalls.o
 .debug_macro   0x0000000000015b1e       0x10 Src/syscalls.o
 .debug_macro   0x0000000000015b2e       0x10 Src/syscalls.o
 .debug_macro   0x0000000000015b3e       0x1c Src/syscalls.o
 .debug_macro   0x0000000000015b5a       0x52 Src/syscalls.o
 .debug_macro   0x0000000000015bac       0x40 Src/syscalls.o
 .debug_macro   0x0000000000015bec       0x10 Src/syscalls.o
 .debug_macro   0x0000000000015bfc       0x40 Src/syscalls.o
 .debug_macro   0x0000000000015c3c       0xd7 Src/syscalls.o
 .debug_macro   0x0000000000015d13       0x1c Src/syscalls.o
 .debug_macro   0x0000000000015d2f       0x3d Src/syscalls.o
 .debug_macro   0x0000000000015d6c       0x35 Src/syscalls.o
 .debug_macro   0x0000000000015da1      0x122 Src/syscalls.o
 .debug_macro   0x0000000000015ec3       0x16 Src/syscalls.o
 .debug_macro   0x0000000000015ed9       0x16 Src/syscalls.o
 .debug_macro   0x0000000000015eef       0x29 Src/syscalls.o
 .debug_macro   0x0000000000015f18       0x10 Src/syscalls.o
 .debug_macro   0x0000000000015f28      0x241 Src/syscalls.o
 .debug_macro   0x0000000000016169       0x1c Src/syscalls.o
 .debug_macro   0x0000000000016185       0x10 Src/syscalls.o
 .debug_macro   0x0000000000016195       0x10 Src/syscalls.o
 .debug_macro   0x00000000000161a5       0x16 Src/syscalls.o
 .debug_macro   0x00000000000161bb      0x145 Src/syscalls.o
 .debug_macro   0x0000000000016300      0x189 Src/syscalls.o
 .debug_macro   0x0000000000016489       0x16 Src/syscalls.o
 .debug_macro   0x000000000001649f       0x88 Src/syscalls.o
 .debug_macro   0x0000000000016527      0x1ae Src/sysmem.o
 .debug_macro   0x00000000000166d5      0x23b Src/sysmem.o
 .debug_macro   0x0000000000016910       0x16 Src/sysmem.o
 .debug_macro   0x0000000000016926      0x1aa Src/system_stm32f1xx.o
 .debug_macro   0x0000000000016ad0      0x1bd Src/usart.o
 .debug_macro   0x0000000000016c8d       0xa3 source/canpie/source/canpie-fd/cp_fifo.o
 .debug_macro   0x0000000000016d30       0x22 source/canpie/source/canpie-fd/cp_fifo.o
 .debug_macro   0x0000000000016d52       0x9e source/canpie/source/canpie-fd/cp_msg.o
 .debug_macro   0x0000000000016df0      0x332 source/canpie-fd_device/stm32/hal/stm32_canpie-fd.o
 .debug_macro   0x0000000000017122      0x53e source/io_app_demo_canpie_test.o

.debug_line     0x0000000000000000     0xa8ab
 .debug_line    0x0000000000000000      0x7d5 Drivers/STM32F1xx_HAL_Driver/Src/stm32f1xx_hal.o
 .debug_line    0x00000000000007d5      0xaa5 Drivers/STM32F1xx_HAL_Driver/Src/stm32f1xx_hal_can.o
 .debug_line    0x000000000000127a      0x8ae Drivers/STM32F1xx_HAL_Driver/Src/stm32f1xx_hal_cortex.o
 .debug_line    0x0000000000001b28      0x7d5 Drivers/STM32F1xx_HAL_Driver/Src/stm32f1xx_hal_gpio.o
 .debug_line    0x00000000000022fd      0x897 Drivers/STM32F1xx_HAL_Driver/Src/stm32f1xx_hal_rcc.o
 .debug_line    0x0000000000002b94      0xee0 Drivers/STM32F1xx_HAL_Driver/Src/stm32f1xx_hal_uart.o
 .debug_line    0x0000000000003a74      0x635 Src/can.o
 .debug_line    0x00000000000040a9      0x602 Src/gpio.o
 .debug_line    0x00000000000046ab      0xdc2 Src/main.o
 .debug_line    0x000000000000546d      0x5f8 Src/stm32f1xx_hal_msp.o
 .debug_line    0x0000000000005a65      0xe0d Src/stm32f1xx_it.o
 .debug_line    0x0000000000006872      0x6de Src/syscalls.o
 .debug_line    0x0000000000006f50      0x4fa Src/sysmem.o
 .debug_line    0x000000000000744a      0x628 Src/system_stm32f1xx.o
 .debug_line    0x0000000000007a72      0x65c Src/usart.o
 .debug_line    0x00000000000080ce       0x7f Startup/startup_stm32f103rbtx.o
 .debug_line    0x000000000000814d      0x48f source/canpie/source/canpie-fd/cp_fifo.o
 .debug_line    0x00000000000085dc      0x6f5 source/canpie/source/canpie-fd/cp_msg.o
 .debug_line    0x0000000000008cd1      0xcbd source/canpie-fd_device/stm32/hal/stm32_canpie-fd.o
 .debug_line    0x000000000000998e      0xf1d source/io_app_demo_canpie_test.o

.debug_str      0x0000000000000000    0x7c900
 .debug_str     0x0000000000000000    0x6cd82 Drivers/STM32F1xx_HAL_Driver/Src/stm32f1xx_hal.o
                                      0x6d0d5 (size before relaxing)
 .debug_str     0x000000000006cd82      0x7d9 Drivers/STM32F1xx_HAL_Driver/Src/stm32f1xx_hal_can.o
                                      0x6d26a (size before relaxing)
 .debug_str     0x000000000006d55b      0x2f4 Drivers/STM32F1xx_HAL_Driver/Src/stm32f1xx_hal_cortex.o
                                      0x6d0e3 (size before relaxing)
 .debug_str     0x000000000006d84f      0x3a9 Drivers/STM32F1xx_HAL_Driver/Src/stm32f1xx_hal_gpio.o
                                      0x6ce0e (size before relaxing)
 .debug_str     0x000000000006dbf8      0x373 Drivers/STM32F1xx_HAL_Driver/Src/stm32f1xx_hal_rcc.o
                                      0x6ce47 (size before relaxing)
 .debug_str     0x000000000006df6b      0x887 Drivers/STM32F1xx_HAL_Driver/Src/stm32f1xx_hal_uart.o
                                      0x6d336 (size before relaxing)
 .debug_str     0x000000000006e7f2      0x188 Src/can.o
                                      0x6d1a8 (size before relaxing)
 .debug_str     0x000000000006e97a       0x25 Src/gpio.o
                                      0x6ceb7 (size before relaxing)
 .debug_str     0x000000000006e99f     0xa3cb Src/main.o
                                      0x77723 (size before relaxing)
 .debug_str     0x0000000000078d6a       0x1b Src/stm32f1xx_hal_msp.o
                                      0x6cb9a (size before relaxing)
 .debug_str     0x0000000000078d85       0xd3 Src/stm32f1xx_it.o
                                      0x77116 (size before relaxing)
 .debug_str     0x0000000000078e58     0x23ab Src/syscalls.o
                                       0x8878 (size before relaxing)
 .debug_str     0x000000000007b203       0x31 Src/sysmem.o
                                       0x7ad1 (size before relaxing)
 .debug_str     0x000000000007b234       0x69 Src/system_stm32f1xx.o
                                      0x6cabf (size before relaxing)
 .debug_str     0x000000000007b29d       0x42 Src/usart.o
                                      0x6cfc8 (size before relaxing)
 .debug_str     0x000000000007b2df       0x31 Startup/startup_stm32f103rbtx.o
                                         0x76 (size before relaxing)
 .debug_str     0x000000000007b310      0x274 source/canpie/source/canpie-fd/cp_fifo.o
                                       0x4301 (size before relaxing)
 .debug_str     0x000000000007b584      0x4fa source/canpie/source/canpie-fd/cp_msg.o
                                       0x4632 (size before relaxing)
 .debug_str     0x000000000007ba7e      0xd53 source/canpie-fd_device/stm32/hal/stm32_canpie-fd.o
                                      0x71380 (size before relaxing)
 .debug_str     0x000000000007c7d1      0x12f source/io_app_demo_canpie_test.o
                                      0x785e3 (size before relaxing)

.comment        0x0000000000000000       0x7b
 .comment       0x0000000000000000       0x7b Drivers/STM32F1xx_HAL_Driver/Src/stm32f1xx_hal.o
                                         0x7c (size before relaxing)
 .comment       0x000000000000007b       0x7c Drivers/STM32F1xx_HAL_Driver/Src/stm32f1xx_hal_can.o
 .comment       0x000000000000007b       0x7c Drivers/STM32F1xx_HAL_Driver/Src/stm32f1xx_hal_cortex.o
 .comment       0x000000000000007b       0x7c Drivers/STM32F1xx_HAL_Driver/Src/stm32f1xx_hal_gpio.o
 .comment       0x000000000000007b       0x7c Drivers/STM32F1xx_HAL_Driver/Src/stm32f1xx_hal_rcc.o
 .comment       0x000000000000007b       0x7c Drivers/STM32F1xx_HAL_Driver/Src/stm32f1xx_hal_uart.o
 .comment       0x000000000000007b       0x7c Src/can.o
 .comment       0x000000000000007b       0x7c Src/gpio.o
 .comment       0x000000000000007b       0x7c Src/main.o
 .comment       0x000000000000007b       0x7c Src/stm32f1xx_hal_msp.o
 .comment       0x000000000000007b       0x7c Src/stm32f1xx_it.o
 .comment       0x000000000000007b       0x7c Src/syscalls.o
 .comment       0x000000000000007b       0x7c Src/sysmem.o
 .comment       0x000000000000007b       0x7c Src/system_stm32f1xx.o
 .comment       0x000000000000007b       0x7c Src/usart.o
 .comment       0x000000000000007b       0x7c source/canpie/source/canpie-fd/cp_fifo.o
 .comment       0x000000000000007b       0x7c source/canpie/source/canpie-fd/cp_msg.o
 .comment       0x000000000000007b       0x7c source/canpie-fd_device/stm32/hal/stm32_canpie-fd.o
 .comment       0x000000000000007b       0x7c source/io_app_demo_canpie_test.o

.debug_frame    0x0000000000000000     0x32dc
 .debug_frame   0x0000000000000000      0x334 Drivers/STM32F1xx_HAL_Driver/Src/stm32f1xx_hal.o
 .debug_frame   0x0000000000000334      0x5a0 Drivers/STM32F1xx_HAL_Driver/Src/stm32f1xx_hal_can.o
 .debug_frame   0x00000000000008d4      0x428 Drivers/STM32F1xx_HAL_Driver/Src/stm32f1xx_hal_cortex.o