stm32_canpie-fd.c:159:20:CheckParam	24	static
stm32_canpie-fd.c:194:13:CpCoreBitrate	40	static
stm32_canpie-fd.c:301:13:CpCoreBufferConfig	32	static
stm32_canpie-fd.c:360:13:CpCoreBufferGetData	32	static
stm32_canpie-fd.c:398:13:CpCoreBufferGetDlc	32	static
stm32_canpie-fd.c:421:13:CpCoreBufferRelease	32	static
stm32_canpie-fd.c:470:13:CpCoreBufferSend	48	static
stm32_canpie-fd.c:560:13:CpCoreBufferSetData	32	static
stm32_canpie-fd.c:600:13:CpCoreBufferSetDlc	24	static
stm32_canpie-fd.c:625:13:CpCoreCanMode	24	static
stm32_canpie-fd.c:703:13:CpCoreCanState	32	static
stm32_canpie-fd.c:845:13:CpCoreDriverInit	24	static
stm32_canpie-fd.c:950:13:CpCoreDriverRelease	24	static
stm32_canpie-fd.c:986:13:CpCoreFifoConfig	32	static
stm32_canpie-fd.c:1013:13:CpCoreFifoRead	40	static
stm32_canpie-fd.c:1067:13:CpCoreFifoRelease	24	static
stm32_canpie-fd.c:1087:13:CpCoreFifoWrite	40	static
stm32_canpie-fd.c:1160:13:CpCoreHDI	24	static
stm32_canpie-fd.c:1201:13:CpCoreIntFunctions	32	static
stm32_canpie-fd.c:1230:13:CpCoreStatistic	24	static
stm32_canpie-fd.c:1265:26:can_filter_config	64	static
stm32_canpie-fd.c:1300:20:get_next_free_filter_number	24	static
stm32_canpie-fd.c:1321:20:search_for_already_defined_filter	24	static
stm32_canpie-fd.c:1344:20:can_filter_init	40	static
stm32_canpie-fd.c:1377:6:HAL_CAN_TxMailbox0CompleteCallback	40	static
stm32_canpie-fd.c:1440:6:HAL_CAN_TxMailbox1CompleteCallback	40	static
stm32_canpie-fd.c:1501:6:HAL_CAN_TxMailbox2CompleteCallback	40	static
stm32_canpie-fd.c:1563:6:HAL_CAN_RxFifo0MsgPendingCallback	72	static
stm32_canpie-fd.c:1641:6:HAL_CAN_ErrorCallback	16	static
