cp_msg.c:64:7:CpMsgClear	24	static
cp_msg.c:109:6:CpMsgClrOverrun	16	static
cp_msg.c:128:6:CpMsgClrRemote	16	static
cp_msg.c:148:20:CpMsgDlcToSize	24	static
cp_msg.c:201:10:CpMsgGetData	24	static
cp_msg.c:241:10:CpMsgGetDlc	24	static
cp_msg.c:261:11:CpMsgGetExtId	24	static
cp_msg.c:284:11:CpMsgGetIdentifier	24	static
cp_msg.c:317:11:CpMsgGetStdId	24	static
cp_msg.c:340:12:CpMsgGetTime	24	static
cp_msg.c:362:7:CpMsgInit	16	static
cp_msg.c:383:9:CpMsgIsBitrateSwitchSet	24	static
cp_msg.c:409:9:CpMsgIsExtended	24	static
cp_msg.c:432:9:CpMsgIsFdFrame	24	static
cp_msg.c:455:9:CpMsgIsOverrun	24	static
cp_msg.c:478:9:CpMsgIsRemote	24	static
cp_msg.c:501:9:CpMsgIsRpc	24	static
cp_msg.c:523:9:CpMsgRpcGetCanMode	24	static
cp_msg.c:542:9:CpMsgRpcGetDataBitrate	24	static
cp_msg.c:561:9:CpMsgRpcGetNominalBitrate	24	static
cp_msg.c:580:7:CpMsgRpcSetCanMode	16	static
cp_msg.c:599:11:CpMsgRpcType	24	static
cp_msg.c:623:7:CpMsgRpcSetBitrate	24	static
cp_msg.c:643:7:CpMsgSetBitrateSwitch	16	static
cp_msg.c:659:7:CpMsgSetData	16	static
cp_msg.c:691:7:CpMsgSetDlc	16	static
cp_msg.c:723:7:CpMsgSetExtId	16	static
cp_msg.c:749:7:CpMsgSetIdentifier	16	static
cp_msg.c:778:6:CpMsgSetOverrun	16	static
cp_msg.c:794:7:CpMsgSetRemote	16	static
cp_msg.c:813:7:CpMsgSetStdId	16	static
cp_msg.c:843:7:CpMsgSetTime	16	static
cp_msg.c:863:20:CpMsgSizeToDlc	24	static
