io_app_convc.c:62:18:app_convc_main_rx_bit	40	static
io_app_convc.c:105:18:app_convc_mon_rx_bit	40	static
io_app_convc.c:148:18:app_convc_tx_bit	40	static
io_app_convc.c:192:18:app_convc_main_rx_nibble	40	static
io_app_convc.c:235:18:app_convc_mon_rx_nibble	40	static
io_app_convc.c:278:18:app_convc_tx_nibble	40	static
io_app_convc.c:321:18:app_convc_main_rx_uint16	40	static
io_app_convc.c:351:18:app_convc_mon_rx_uint16	40	static
io_app_convc.c:381:18:app_convc_tx_uint16	40	static
io_app_convc.c:411:18:app_convc_main_rx_uint32	48	static
io_app_convc.c:463:18:app_convc_mon_rx_uint32	48	static
io_app_convc.c:515:18:app_convc_tx_uint32	48	static
io_app_convc.c:557:18:app_convc_sint32_to_sint20	24	static
io_app_convc.c:596:18:app_convc_main_rx_uint12_msg_obj_1	40	static
io_app_convc.c:624:18:app_convc_main_rx_uint12_msg_obj_2	40	static
io_app_convc.c:654:18:app_convc_main_rx_uint12_msg_obj_3	40	static
io_app_convc.c:698:18:app_convc_main_tx_uint12_msg_obj_1	40	static
io_app_convc.c:723:18:app_convc_main_tx_uint12_msg_obj_2	40	static
io_app_convc.c:750:18:app_convc_main_tx_uint12_msg_obj_3	40	static
