io_app_ma_w.c:117:18:app_ma_w_init	64	static
io_app_ma_w.c:187:6:app_ma_w_tx1_set_word0	16	static
io_app_ma_w.c:192:6:app_ma_w_tx1_set_word1	16	static
io_app_ma_w.c:197:6:app_ma_w_tx1_set_word2	16	static
io_app_ma_w.c:202:6:app_ma_w_tx1_set_word3	16	static
io_app_ma_w.c:207:6:app_ma_w_tx2_set_word0	16	static
io_app_ma_w.c:212:6:app_ma_w_tx2_set_word1	16	static
io_app_ma_w.c:217:6:app_ma_w_tx2_set_word2	16	static
io_app_ma_w.c:222:6:app_ma_w_tx2_set_word3	16	static
io_app_ma_w.c:227:6:app_ma_w_tx3_set_word0	16	static
io_app_ma_w.c:232:6:app_ma_w_tx3_set_word1	16	static
io_app_ma_w.c:237:6:app_ma_w_tx3_set_word2	16	static
io_app_ma_w.c:242:6:app_ma_w_tx3_set_word3	16	static
io_app_ma_w.c:247:6:app_ma_w_tx4_set_word0	16	static
io_app_ma_w.c:252:6:app_ma_w_tx4_set_word1	16	static
io_app_ma_w.c:257:6:app_ma_w_tx4_set_word2	16	static
io_app_ma_w.c:262:6:app_ma_w_tx4_set_word3	16	static
io_app_ma_w.c:268:10:app_ma_w_rx1_get_word0	16	static
io_app_ma_w.c:273:10:app_ma_w_rx1_get_word1	16	static
io_app_ma_w.c:278:10:app_ma_w_rx1_get_word2	16	static
io_app_ma_w.c:283:10:app_ma_w_rx1_get_word3	16	static
io_app_ma_w.c:288:10:app_ma_w_rx2_get_word0	16	static
io_app_ma_w.c:293:10:app_ma_w_rx2_get_word1	16	static
io_app_ma_w.c:298:10:app_ma_w_rx2_get_word2	16	static
io_app_ma_w.c:303:10:app_ma_w_rx2_get_word3	16	static
io_app_ma_w.c:308:10:app_ma_w_rx3_get_word0	16	static
io_app_ma_w.c:313:10:app_ma_w_rx3_get_word1	16	static
io_app_ma_w.c:318:10:app_ma_w_rx3_get_word2	16	static
io_app_ma_w.c:323:10:app_ma_w_rx3_get_word3	16	static
io_app_ma_w.c:328:10:app_ma_w_rx4_get_word0	16	static
io_app_ma_w.c:333:10:app_ma_w_rx4_get_word1	16	static
io_app_ma_w.c:338:10:app_ma_w_rx4_get_word2	16	static
io_app_ma_w.c:343:10:app_ma_w_rx4_get_word3	16	static
io_app_ma_w.c:348:18:app_ma_w_process_input	4	static
io_app_ma_w.c:353:18:app_ma_w_process_output	8	static
io_app_ma_w.c:376:13:app_ma_w_image_not_ok_callback	4	static
io_app_ma_w.c:381:13:app_ma_w_image_ok_callback	8	static
