io_can_config.c:737:24:can_config_init	16	static
io_can_config.c:774:24:can_config_set_baudrate_table	24	static
io_can_config.c:809:24:can_config_set_baudrate	24	static
io_can_config.c:842:24:can_config_set_baudrate_default	8	static
io_can_config.c:855:24:can_config_get_baudrate	16	static
io_can_config.c:864:9:can_config_is_baudrate_valid	24	static
io_can_config.c:881:6:can_config_save_baudrate_startup	16	static
io_can_config.c:889:25:can_config_get_baudrate_startup	4	static
io_can_config.c:952:24:can_config_add_module	64	static
io_can_config.c:1024:24:can_config_add_ukwn_module	40	static
io_can_config.c:1049:24:can_config_get_module	24	static
io_can_config.c:1071:24:can_config_set_critical	24	static
io_can_config.c:1138:6:can_config_sync_off	40	static
io_can_config.c:1187:24:can_config_sync_on	32	static
io_can_config.c:1412:24:can_config_module_nr_valid	24	static
io_can_config.c:1435:24:can_config_get_module_type	16	static
io_can_config.c:1468:24:can_config_get_module_nr	16	static
io_can_config.c:1483:24:can_config_get_module_nr_main	4	static
io_can_config.c:1494:6:can_config_init_module_nr_main	16	static
io_can_config.c:1555:24:can_config_get_module_silent_awake	16	static
io_can_config.c:1574:6:can_config_get_nr_of_modules	16	static
io_can_config.c:1581:24:can_config_module_type_valid	24	static
io_can_config.c:1607:24:can_config_module_valid	32	static
io_can_config.c:1644:24:can_config_set_module_silent_awake	24	static
io_can_config.c:1685:24:li_can_slv_config_set_module_silent_awake_from_type_and_nr	24	static
io_can_config.c:1892:24:can_config_set_module_silent_awake_call_fnc	16	static
io_can_config.c:1971:31:can_config_set_module	64	static
io_can_config.c:2207:31:rx_main_dummy	24	static
io_can_config.c:2222:31:tx_main_dummy	24	static
io_can_config.c:2301:17:get_table_pos_from_type_and_actual_module_number	24	static
