io_can_sync.c:405:24:can_sync_init	16	static
io_can_sync.c:458:24:can_sync_rx_process_main	16	static
io_can_sync.c:489:24:can_sync_rx_data_main	40	static
io_can_sync.c:601:24:can_sync_tx_data_main	96	static,ignoring_inline_asm
io_can_sync.c:667:24:can_sync_tx_data_main_ok	16	static
io_can_sync.c:916:24:can_sync_clr_rx_data_main_mon	40	static
io_can_sync.c:977:6:li_can_slv_sync_check_process_image	16	static
io_can_sync.c:1080:10:li_can_slv_sync_get_process_valid_time	4	static
io_can_sync.c:1085:10:li_can_slv_sync_get_process_configuration_time	4	static
io_can_sync.c:1093:10:li_can_slv_sync_get_process_periode	4	static
io_can_sync.c:1103:10:li_can_slv_sync_get_main_process_timestamp	4	static
io_can_sync.c:1114:24:li_can_slv_sync_set_process_time_valid_fnc	24	static
io_can_sync.c:1186:24:can_sync_set_pr_call_fnc	16	static
io_can_sync.c:1199:24:li_can_slv_sync_set_process_image_valid_cbk	32	static
io_can_sync.c:1221:24:li_can_slv_sync_set_process_image_not_valid_cbk	32	static
io_can_sync.c:1244:24:li_can_slv_sync_set_process_request_cbk	32	static
io_can_sync.c:1259:6:li_can_slv_sync_trigger_process_periode	16	static
io_can_sync.c:1284:24:can_sync_set_first_process_request_call_fnc	16	static
io_can_sync.c:1293:6:li_can_slv_sync_process_request_rx	16	static
io_can_sync.c:1322:13:li_can_slv_sync_clear_process_image	16	static
io_can_sync.c:1361:31:li_can_slv_sync_check_process_image_module	32	static
io_can_sync.c:1424:17:can_sync_get_pr_time_valid_module1	4	static
